Archive member included to satisfy reference by file (symbol)

C:/ST/STM32CubeIDE_1.19.0/STM32CubeIDE/plugins/com.st.stm32cube.ide.mcu.externaltools.gnu-tools-for-stm32.13.3.rel1.win32_1.0.0.202411081344/tools/bin/../lib/gcc/arm-none-eabi/13.3.1/../../../../arm-none-eabi/lib/thumb/v7e-m+dp/hard\libc_nano.a(libc_a-exit.o)
                              C:/ST/STM32CubeIDE_1.19.0/STM32CubeIDE/plugins/com.st.stm32cube.ide.mcu.externaltools.gnu-tools-for-stm32.13.3.rel1.win32_1.0.0.202411081344/tools/bin/../lib/gcc/arm-none-eabi/13.3.1/../../../../arm-none-eabi/lib/thumb/v7e-m+dp/hard/crt0.o (exit)
C:/ST/STM32CubeIDE_1.19.0/STM32CubeIDE/plugins/com.st.stm32cube.ide.mcu.externaltools.gnu-tools-for-stm32.13.3.rel1.win32_1.0.0.202411081344/tools/bin/../lib/gcc/arm-none-eabi/13.3.1/../../../../arm-none-eabi/lib/thumb/v7e-m+dp/hard\libc_nano.a(libc_a-nano-vfprintf_float.o)
                              (_printf_float)
C:/ST/STM32CubeIDE_1.19.0/STM32CubeIDE/plugins/com.st.stm32cube.ide.mcu.externaltools.gnu-tools-for-stm32.13.3.rel1.win32_1.0.0.202411081344/tools/bin/../lib/gcc/arm-none-eabi/13.3.1/../../../../arm-none-eabi/lib/thumb/v7e-m+dp/hard\libc_nano.a(libc_a-nano-vfprintf_i.o)
                              C:/ST/STM32CubeIDE_1.19.0/STM32CubeIDE/plugins/com.st.stm32cube.ide.mcu.externaltools.gnu-tools-for-stm32.13.3.rel1.win32_1.0.0.202411081344/tools/bin/../lib/gcc/arm-none-eabi/13.3.1/../../../../arm-none-eabi/lib/thumb/v7e-m+dp/hard\libc_nano.a(libc_a-nano-vfprintf_float.o) (_printf_common)
C:/ST/STM32CubeIDE_1.19.0/STM32CubeIDE/plugins/com.st.stm32cube.ide.mcu.externaltools.gnu-tools-for-stm32.13.3.rel1.win32_1.0.0.202411081344/tools/bin/../lib/gcc/arm-none-eabi/13.3.1/../../../../arm-none-eabi/lib/thumb/v7e-m+dp/hard\libc_nano.a(libc_a-nano-vfscanf_float.o)
                              (_scanf_float)
C:/ST/STM32CubeIDE_1.19.0/STM32CubeIDE/plugins/com.st.stm32cube.ide.mcu.externaltools.gnu-tools-for-stm32.13.3.rel1.win32_1.0.0.202411081344/tools/bin/../lib/gcc/arm-none-eabi/13.3.1/../../../../arm-none-eabi/lib/thumb/v7e-m+dp/hard\libc_nano.a(libc_a-findfp.o)
                              ./Middlewares/Third_Party/FreeRTOS/Source/tasks.o (__sf)
C:/ST/STM32CubeIDE_1.19.0/STM32CubeIDE/plugins/com.st.stm32cube.ide.mcu.externaltools.gnu-tools-for-stm32.13.3.rel1.win32_1.0.0.202411081344/tools/bin/../lib/gcc/arm-none-eabi/13.3.1/../../../../arm-none-eabi/lib/thumb/v7e-m+dp/hard\libc_nano.a(libc_a-fwalk.o)
                              C:/ST/STM32CubeIDE_1.19.0/STM32CubeIDE/plugins/com.st.stm32cube.ide.mcu.externaltools.gnu-tools-for-stm32.13.3.rel1.win32_1.0.0.202411081344/tools/bin/../lib/gcc/arm-none-eabi/13.3.1/../../../../arm-none-eabi/lib/thumb/v7e-m+dp/hard\libc_nano.a(libc_a-findfp.o) (_fwalk_sglue)
C:/ST/STM32CubeIDE_1.19.0/STM32CubeIDE/plugins/com.st.stm32cube.ide.mcu.externaltools.gnu-tools-for-stm32.13.3.rel1.win32_1.0.0.202411081344/tools/bin/../lib/gcc/arm-none-eabi/13.3.1/../../../../arm-none-eabi/lib/thumb/v7e-m+dp/hard\libc_nano.a(libc_a-sprintf.o)
                              ./Core/Src/Comunicazione_UART.o (sprintf)
C:/ST/STM32CubeIDE_1.19.0/STM32CubeIDE/plugins/com.st.stm32cube.ide.mcu.externaltools.gnu-tools-for-stm32.13.3.rel1.win32_1.0.0.202411081344/tools/bin/../lib/gcc/arm-none-eabi/13.3.1/../../../../arm-none-eabi/lib/thumb/v7e-m+dp/hard\libc_nano.a(libc_a-stdio.o)
                              C:/ST/STM32CubeIDE_1.19.0/STM32CubeIDE/plugins/com.st.stm32cube.ide.mcu.externaltools.gnu-tools-for-stm32.13.3.rel1.win32_1.0.0.202411081344/tools/bin/../lib/gcc/arm-none-eabi/13.3.1/../../../../arm-none-eabi/lib/thumb/v7e-m+dp/hard\libc_nano.a(libc_a-findfp.o) (__sread)
C:/ST/STM32CubeIDE_1.19.0/STM32CubeIDE/plugins/com.st.stm32cube.ide.mcu.externaltools.gnu-tools-for-stm32.13.3.rel1.win32_1.0.0.202411081344/tools/bin/../lib/gcc/arm-none-eabi/13.3.1/../../../../arm-none-eabi/lib/thumb/v7e-m+dp/hard\libc_nano.a(libc_a-memset.o)
                              C:/ST/STM32CubeIDE_1.19.0/STM32CubeIDE/plugins/com.st.stm32cube.ide.mcu.externaltools.gnu-tools-for-stm32.13.3.rel1.win32_1.0.0.202411081344/tools/bin/../lib/gcc/arm-none-eabi/13.3.1/../../../../arm-none-eabi/lib/thumb/v7e-m+dp/hard/crt0.o (memset)
C:/ST/STM32CubeIDE_1.19.0/STM32CubeIDE/plugins/com.st.stm32cube.ide.mcu.externaltools.gnu-tools-for-stm32.13.3.rel1.win32_1.0.0.202411081344/tools/bin/../lib/gcc/arm-none-eabi/13.3.1/../../../../arm-none-eabi/lib/thumb/v7e-m+dp/hard\libc_nano.a(libc_a-localeconv.o)
                              C:/ST/STM32CubeIDE_1.19.0/STM32CubeIDE/plugins/com.st.stm32cube.ide.mcu.externaltools.gnu-tools-for-stm32.13.3.rel1.win32_1.0.0.202411081344/tools/bin/../lib/gcc/arm-none-eabi/13.3.1/../../../../arm-none-eabi/lib/thumb/v7e-m+dp/hard\libc_nano.a(libc_a-nano-vfprintf_float.o) (_localeconv_r)
[...]
Memory Configuration

Name             Origin             Length             Attributes
FLASH            0x08000000         0x00200000         xr
DTCMRAM          0x20000000         0x00020000         xrw
RAM_D1           0x24000000         0x00080000         xrw
RAM_D2           0x30000000         0x00048000         xrw
RAM_D3           0x38000000         0x00010000         xrw
ITCMRAM          0x00000000         0x00010000         xrw
*default*        0x00000000         0xffffffff

Linker script and memory map

LOAD C:/ST/STM32CubeIDE_1.19.0/STM32CubeIDE/plugins/com.st.stm32cube.ide.mcu.externaltools.gnu-tools-for-stm32.13.3.rel1.win32_1.0.0.202411081344/tools/bin/../lib/gcc/arm-none-eabi/13.3.1/thumb/v7e-m+dp/hard/crti.o
LOAD C:/ST/STM32CubeIDE_1.19.0/STM32CubeIDE/plugins/com.st.stm32cube.ide.mcu.externaltools.gnu-tools-for-stm32.13.3.rel1.win32_1.0.0.202411081344/tools/bin/../lib/gcc/arm-none-eabi/13.3.1/thumb/v7e-m+dp/hard/crtbegin.o
LOAD C:/ST/STM32CubeIDE_1.19.0/STM32CubeIDE/plugins/com.st.stm32cube.ide.mcu.externaltools.gnu-tools-for-stm32.13.3.rel1.win32_1.0.0.202411081344/tools/bin/../lib/gcc/arm-none-eabi/13.3.1/../../../../arm-none-eabi/lib/thumb/v7e-m+dp/hard/crt0.o
LOAD ./Core/Src/Comunicazione_Stack.o
LOAD ./Core/Src/Comunicazione_UART.o
LOAD ./Core/Src/MainTask.o
LOAD ./Core/Src/Manage_bms.o
LOAD ./Core/Src/TaskCalcoloSOC.o
LOAD ./Core/Src/TaskComunicazione.o
LOAD ./Core/Src/TaskMisure.o
LOAD ./Core/Src/Tasks_freertos.o
LOAD ./Core/Src/freertos.o
LOAD ./Core/Src/funzioni_SOC.o
LOAD ./Core/Src/global.o
LOAD ./Core/Src/main.o
LOAD ./Core/Src/stm32h7xx_hal_msp.o
LOAD ./Core/Src/stm32h7xx_hal_timebase_tim.o
LOAD ./Core/Src/stm32h7xx_it.o
LOAD ./Core/Src/syscalls.o
LOAD ./Core/Src/sysmem.o
LOAD ./Core/Src/system_stm32h7xx.o
LOAD ./Core/Startup/startup_stm32h753zitx.o
LOAD ./Drivers/STM32H7xx_HAL_Driver/Src/stm32h7xx_hal.o
LOAD ./Drivers/STM32H7xx_HAL_Driver/Src/stm32h7xx_hal_cortex.o
LOAD ./Drivers/STM32H7xx_HAL_Driver/Src/stm32h7xx_hal_dma.o
LOAD ./Drivers/STM32H7xx_HAL_Driver/Src/stm32h7xx_hal_dma_ex.o
LOAD ./Drivers/STM32H7xx_HAL_Driver/Src/stm32h7xx_hal_exti.o
LOAD ./Drivers/STM32H7xx_HAL_Driver/Src/stm32h7xx_hal_flash.o
LOAD ./Drivers/STM32H7xx_HAL_Driver/Src/stm32h7xx_hal_flash_ex.o
LOAD ./Drivers/STM32H7xx_HAL_Driver/Src/stm32h7xx_hal_gpio.o
LOAD ./Drivers/STM32H7xx_HAL_Driver/Src/stm32h7xx_hal_hsem.o
LOAD ./Drivers/STM32H7xx_HAL_Driver/Src/stm32h7xx_hal_i2c.o
LOAD ./Drivers/STM32H7xx_HAL_Driver/Src/stm32h7xx_hal_i2c_ex.o
LOAD ./Drivers/STM32H7xx_HAL_Driver/Src/stm32h7xx_hal_mdma.o
LOAD ./Drivers/STM32H7xx_HAL_Driver/Src/stm32h7xx_hal_pwr.o
LOAD ./Drivers/STM32H7xx_HAL_Driver/Src/stm32h7xx_hal_pwr_ex.o
LOAD ./Drivers/STM32H7xx_HAL_Driver/Src/stm32h7xx_hal_rcc.o
LOAD ./Drivers/STM32H7xx_HAL_Driver/Src/stm32h7xx_hal_rcc_ex.o
LOAD ./Drivers/STM32H7xx_HAL_Driver/Src/stm32h7xx_hal_spi.o
LOAD ./Drivers/STM32H7xx_HAL_Driver/Src/stm32h7xx_hal_spi_ex.o
LOAD ./Drivers/STM32H7xx_HAL_Driver/Src/stm32h7xx_hal_tim.o
LOAD ./Drivers/STM32H7xx_HAL_Driver/Src/stm32h7xx_hal_tim_ex.o
LOAD ./Drivers/STM32H7xx_HAL_Driver/Src/stm32h7xx_hal_uart.o
LOAD ./Drivers/STM32H7xx_HAL_Driver/Src/stm32h7xx_hal_uart_ex.o
LOAD ./Middlewares/Third_Party/FreeRTOS/Source/CMSIS_RTOS_V2/cmsis_os2.o
LOAD ./Middlewares/Third_Party/FreeRTOS/Source/croutine.o
LOAD ./Middlewares/Third_Party/FreeRTOS/Source/event_groups.o
LOAD ./Middlewares/Third_Party/FreeRTOS/Source/list.o
LOAD ./Middlewares/Third_Party/FreeRTOS/Source/queue.o
LOAD ./Middlewares/Third_Party/FreeRTOS/Source/stream_buffer.o
LOAD ./Middlewares/Third_Party/FreeRTOS/Source/tasks.o
LOAD ./Middlewares/Third_Party/FreeRTOS/Source/timers.o
LOAD ./Middlewares/Third_Party/FreeRTOS/Source/portable/GCC/ARM_CM4F/port.o
LOAD ./Middlewares/Third_Party/FreeRTOS/Source/portable/MemMang/heap_4.o
START GROUP
LOAD C:/ST/STM32CubeIDE_1.19.0/STM32CubeIDE/plugins/com.st.stm32cube.ide.mcu.externaltools.gnu-tools-for-stm32.13.3.rel1.win32_1.0.0.202411081344/tools/bin/../lib/gcc/arm-none-eabi/13.3.1/../../../../arm-none-eabi/lib/thumb/v7e-m+dp/hard\libc_nano.a
LOAD C:/ST/STM32CubeIDE_1.19.0/STM32CubeIDE/plugins/com.st.stm32cube.ide.mcu.externaltools.gnu-tools-for-stm32.13.3.rel1.win32_1.0.0.202411081344/tools/bin/../lib/gcc/arm-none-eabi/13.3.1/../../../../arm-none-eabi/lib/thumb/v7e-m+dp/hard\libm.a
END GROUP
START GROUP
LOAD C:/ST/STM32CubeIDE_1.19.0/STM32CubeIDE/plugins/com.st.stm32cube.ide.mcu.externaltools.gnu-tools-for-stm32.13.3.rel1.win32_1.0.0.202411081344/tools/bin/../lib/gcc/arm-none-eabi/13.3.1/thumb/v7e-m+dp/hard\libgcc.a
LOAD C:/ST/STM32CubeIDE_1.19.0/STM32CubeIDE/plugins/com.st.stm32cube.ide.mcu.externaltools.gnu-tools-for-stm32.13.3.rel1.win32_1.0.0.202411081344/tools/bin/../lib/gcc/arm-none-eabi/13.3.1/../../../../arm-none-eabi/lib/thumb/v7e-m+dp/hard\libc_nano.a
END GROUP
START GROUP
LOAD C:/ST/STM32CubeIDE_1.19.0/STM32CubeIDE/plugins/com.st.stm32cube.ide.mcu.externaltools.gnu-tools-for-stm32.13.3.rel1.win32_1.0.0.202411081344/tools/bin/../lib/gcc/arm-none-eabi/13.3.1/thumb/v7e-m+dp/hard\libgcc.a
LOAD C:/ST/STM32CubeIDE_1.19.0/STM32CubeIDE/plugins/com.st.stm32cube.ide.mcu.externaltools.gnu-tools-for-stm32.13.3.rel1.win32_1.0.0.202411081344/tools/bin/../lib/gcc/arm-none-eabi/13.3.1/../../../../arm-none-eabi/lib/thumb/v7e-m+dp/hard\libc_nano.a
LOAD C:/ST/STM32CubeIDE_1.19.0/STM32CubeIDE/plugins/com.st.stm32cube.ide.mcu.externaltools.gnu-tools-for-stm32.13.3.rel1.win32_1.0.0.202411081344/tools/bin/../lib/gcc/arm-none-eabi/13.3.1/../../../../arm-none-eabi/lib/thumb/v7e-m+dp/hard\libnosys.a
END GROUP
START GROUP
LOAD C:/ST/STM32CubeIDE_1.19.0/STM32CubeIDE/plugins/com.st.stm32cube.ide.mcu.externaltools.gnu-tools-for-stm32.13.3.rel1.win32_1.0.0.202411081344/tools/bin/../lib/gcc/arm-none-eabi/13.3.1/thumb/v7e-m+dp/hard\libgcc.a
LOAD C:/ST/STM32CubeIDE_1.19.0/STM32CubeIDE/plugins/com.st.stm32cube.ide.mcu.externaltools.gnu-tools-for-stm32.13.3.rel1.win32_1.0.0.202411081344/tools/bin/../lib/gcc/arm-none-eabi/13.3.1/../../../../arm-none-eabi/lib/thumb/v7e-m+dp/hard\libc_nano.a
LOAD C:/ST/STM32CubeIDE_1.19.0/STM32CubeIDE/plugins/com.st.stm32cube.ide.mcu.externaltools.gnu-tools-for-stm32.13.3.rel1.win32_1.0.0.202411081344/tools/bin/../lib/gcc/arm-none-eabi/13.3.1/../../../../arm-none-eabi/lib/thumb/v7e-m+dp/hard\libnosys.a
END GROUP
LOAD C:/ST/STM32CubeIDE_1.19.0/STM32CubeIDE/plugins/com.st.stm32cube.ide.mcu.externaltools.gnu-tools-for-stm32.13.3.rel1.win32_1.0.0.202411081344/tools/bin/../lib/gcc/arm-none-eabi/13.3.1/thumb/v7e-m+dp/hard/crtend.o
LOAD C:/ST/STM32CubeIDE_1.19.0/STM32CubeIDE/plugins/com.st.stm32cube.ide.mcu.externaltools.gnu-tools-for-stm32.13.3.rel1.win32_1.0.0.202411081344/tools/bin/../lib/gcc/arm-none-eabi/13.3.1/thumb/v7e-m+dp/hard/crtn.o
                0x24080000                        _estack = (ORIGIN (RAM_D1) + LENGTH (RAM_D1))
                0x00000200                        _Min_Heap_Size = 0x200
                0x00000400                        _Min_Stack_Size = 0x400

.isr_vector     0x08000000      0x298
                0x08000000                        . = ALIGN (0x4)
 *(.isr_vector)
 .isr_vector    0x08000000      0x298 ./Core/Startup/startup_stm32h753zitx.o
                0x08000000                g_pfnVectors
                0x08000298                        . = ALIGN (0x4)

.text           0x080002a0    0x12fd4
                0x080002a0                        . = ALIGN (0x4)
 *(.text)
 .text          0x080002a0       0x40 C:/ST/STM32CubeIDE_1.19.0/STM32CubeIDE/plugins/com.st.stm32cube.ide.mcu.externaltools.gnu-tools-for-stm32.13.3.rel1.win32_1.0.0.202411081344/tools/bin/../lib/gcc/arm-none-eabi/13.3.1/thumb/v7e-m+dp/hard/crtbegin.o
 .text          0x080002e0       0xa0 C:/ST/STM32CubeIDE_1.19.0/STM32CubeIDE/plugins/com.st.stm32cube.ide.mcu.externaltools.gnu-tools-for-stm32.13.3.rel1.win32_1.0.0.202411081344/tools/bin/../lib/gcc/arm-none-eabi/13.3.1/../../../../arm-none-eabi/lib/thumb/v7e-m+dp/hard\libc_nano.a(libc_a-memchr.o)
                0x080002e0                memchr
 .text          0x08000380       0x10 C:/ST/STM32CubeIDE_1.19.0/STM32CubeIDE/plugins/com.st.stm32cube.ide.mcu.externaltools.gnu-tools-for-stm32.13.3.rel1.win32_1.0.0.202411081344/tools/bin/../lib/gcc/arm-none-eabi/13.3.1/../../../../arm-none-eabi/lib/thumb/v7e-m+dp/hard\libc_nano.a(libc_a-strlen.o)
                0x08000380                strlen
 .text          0x08000390      0x378 C:/ST/STM32CubeIDE_1.19.0/STM32CubeIDE/plugins/com.st.stm32cube.ide.mcu.externaltools.gnu-tools-for-stm32.13.3.rel1.win32_1.0.0.202411081344/tools/bin/../lib/gcc/arm-none-eabi/13.3.1/thumb/v7e-m+dp/hard\libgcc.a(_arm_addsubdf3.o)
                0x08000390                __aeabi_drsub
                0x08000398                __aeabi_dsub
                0x08000398                __subdf3
                0x0800039c                __aeabi_dadd
                0x0800039c                __adddf3
                0x08000614                __floatunsidf
                0x08000614                __aeabi_ui2d
                0x08000634                __floatsidf
                0x08000634                __aeabi_i2d
                0x08000658                __aeabi_f2d
                0x08000658                __extendsfdf2
                0x0800069c                __floatundidf
                0x0800069c                __aeabi_ul2d
                0x080006ac                __floatdidf
                0x080006ac                __aeabi_l2d
 .text          0x08000708       0x30 C:/ST/STM32CubeIDE_1.19.0/STM32CubeIDE/plugins/com.st.stm32cube.ide.mcu.externaltools.gnu-tools-for-stm32.13.3.rel1.win32_1.0.0.202411081344/tools/bin/../lib/gcc/arm-none-eabi/13.3.1/thumb/v7e-m+dp/hard\libgcc.a(_aeabi_uldivmod.o)
                0x08000708                __aeabi_uldivmod
 .text          0x08000738       0x30 C:/ST/STM32CubeIDE_1.19.0/STM32CubeIDE/plugins/com.st.stm32cube.ide.mcu.externaltools.gnu-tools-for-stm32.13.3.rel1.win32_1.0.0.202411081344/tools/bin/../lib/gcc/arm-none-eabi/13.3.1/thumb/v7e-m+dp/hard\libgcc.a(_fixdfdi.o)
                0x08000738                __fixdfdi
                0x08000738                __aeabi_d2lz
 .text          0x08000768       0x40 C:/ST/STM32CubeIDE_1.19.0/STM32CubeIDE/plugins/com.st.stm32cube.ide.mcu.externaltools.gnu-tools-for-stm32.13.3.rel1.win32_1.0.0.202411081344/tools/bin/../lib/gcc/arm-none-eabi/13.3.1/thumb/v7e-m+dp/hard\libgcc.a(_fixunsdfdi.o)
                0x08000768                __fixunsdfdi
                0x08000768                __aeabi_d2ulz
 .text          0x080007a8      0x2f8 C:/ST/STM32CubeIDE_1.19.0/STM32CubeIDE/plugins/com.st.stm32cube.ide.mcu.externaltools.gnu-tools-for-stm32.13.3.rel1.win32_1.0.0.202411081344/tools/bin/../lib/gcc/arm-none-eabi/13.3.1/thumb/v7e-m+dp/hard\libgcc.a(_udivmoddi4.o)
                0x080007a8                __udivmoddi4
 .text          0x08000aa0        0x4 C:/ST/STM32CubeIDE_1.19.0/STM32CubeIDE/plugins/com.st.stm32cube.ide.mcu.externaltools.gnu-tools-for-stm32.13.3.rel1.win32_1.0.0.202411081344/tools/bin/../lib/gcc/arm-none-eabi/13.3.1/thumb/v7e-m+dp/hard\libgcc.a(_dvmd_tls.o)
                0x08000aa0                __aeabi_idiv0
                0x08000aa0                __aeabi_ldiv0
 *(.text*)
 .text.calculate_pec
                0x08000aa4       0xde ./Core/Src/Comunicazione_Stack.o
                0x08000aa4                calculate_pec
 .text.verify_pec
                0x08000b82       0x34 ./Core/Src/Comunicazione_Stack.o
                0x08000b82                verify_pec
 .text.LTC6811_adcv
                0x08000bb6       0x42 ./Core/Src/Comunicazione_Stack.o
                0x08000bb6                LTC6811_adcv
 .text.LTC6811_adax
                0x08000bf8       0x34 ./Core/Src/Comunicazione_Stack.o
                0x08000bf8                LTC6811_adax
 .text.ltc6811_send_command
                0x08000c2c       0x6c ./Core/Src/Comunicazione_Stack.o
                0x08000c2c                ltc6811_send_command
 .text.ltc6811_write_data
                0x08000c98      0x1bc ./Core/Src/Comunicazione_Stack.o
                0x08000c98                ltc6811_write_data
 .text.ltc6811_read_data
                0x08000e54      0x150 ./Core/Src/Comunicazione_Stack.o
                0x08000e54                ltc6811_read_data
 .text.ltc6811_set_config
                0x08000fa4      0x11e ./Core/Src/Comunicazione_Stack.o
                0x08000fa4                ltc6811_set_config
 *fill*         0x080010c2        0x2 
 .text.ltc6811_configure
                0x080010c4       0x68 ./Core/Src/Comunicazione_Stack.o
                0x080010c4                ltc6811_configure
 .text.ltc6811_read_cell_voltages
                0x0800112c      0x170 ./Core/Src/Comunicazione_Stack.o
                0x0800112c                ltc6811_read_cell_voltages
 .text.ltc6811_read_gpio_voltages
                0x0800129c      0x118 ./Core/Src/Comunicazione_Stack.o
                0x0800129c                ltc6811_read_gpio_voltages
 .text.ltc6811_read_status
                0x080013b4      0x218 ./Core/Src/Comunicazione_Stack.o
                0x080013b4                ltc6811_read_status
 .text.stampa_tensioni_celle
                0x080015cc       0x80 ./Core/Src/Comunicazione_UART.o
                0x080015cc                stampa_tensioni_celle
 .text.stampa_somma_celle
                0x0800164c       0x70 ./Core/Src/Comunicazione_UART.o
                0x0800164c                stampa_somma_celle
 .text.stampa_temperatura_interna
                0x080016bc       0x70 ./Core/Src/Comunicazione_UART.o
                0x080016bc                stampa_temperatura_interna
 .text.stampa_SOC
                0x0800172c       0x74 ./Core/Src/Comunicazione_UART.o
                0x0800172c                stampa_SOC
 .text.debugprint
                0x080017a0       0x3c ./Core/Src/Comunicazione_UART.o
                0x080017a0                debugprint
 .text.MainTask
                0x080017dc       0x74 ./Core/Src/MainTask.o
                0x080017dc                MainTask
 .text.TaskCalcoloSOC
                0x08001850       0x28 ./Core/Src/TaskCalcoloSOC.o
                0x08001850                TaskCalcoloSOC
 .text.TaskComunicazione
                0x08001878       0xdc ./Core/Src/TaskComunicazione.o
                0x08001878                TaskComunicazione
 .text.TaskMisure
                0x08001954       0xcc ./Core/Src/TaskMisure.o
                0x08001954                TaskMisure
 .text.StartTasks
                0x08001a20      0x184 ./Core/Src/Tasks_freertos.o
                0x08001a20                StartTasks
 .text.SPITXCompleteCallback
                0x08001ba4       0x24 ./Core/Src/Tasks_freertos.o
                0x08001ba4                SPITXCompleteCallback
 .text.SPIRXCompleteCallback
                0x08001bc8       0x24 ./Core/Src/Tasks_freertos.o
                0x08001bc8                SPIRXCompleteCallback
 .text.UARTCompleteCallback
                0x08001bec       0x24 ./Core/Src/Tasks_freertos.o
                0x08001bec                UARTCompleteCallback
 .text.UARTRXCompleteCallback
                0x08001c10       0x38 ./Core/Src/Tasks_freertos.o
                0x08001c10                UARTRXCompleteCallback
 .text.main     0x08001c48       0x94 ./Core/Src/main.o
                0x08001c48                main
 .text.SystemClock_Config
                0x08001cdc       0xf4 ./Core/Src/main.o
                0x08001cdc                SystemClock_Config
 .text.PeriphCommonClock_Config
                0x08001dd0       0x66 ./Core/Src/main.o
                0x08001dd0                PeriphCommonClock_Config
 *fill*         0x08001e36        0x2 
 .text.MX_SPI3_Init
                0x08001e38       0xac ./Core/Src/main.o
 .text.MX_SPI5_Init
                0x08001ee4       0xac ./Core/Src/main.o
 .text.MX_USART2_UART_Init
                0x08001f90       0x98 ./Core/Src/main.o
 .text.MX_USART3_UART_Init
                0x08002028       0x98 ./Core/Src/main.o
 .text.MX_GPIO_Init
                0x080020c0      0x188 ./Core/Src/main.o
 .text.StartDefaultTask
                0x08002248       0x10 ./Core/Src/main.o
                0x08002248                StartDefaultTask
 .text.MPU_Config
                0x08002258       0x58 ./Core/Src/main.o
 .text.HAL_TIM_PeriodElapsedCallback
                0x080022b0       0x24 ./Core/Src/main.o
                0x080022b0                HAL_TIM_PeriodElapsedCallback
 .text.Error_Handler
                0x080022d4        0xc ./Core/Src/main.o
                0x080022d4                Error_Handler
 .text.HAL_MspInit
                0x080022e0       0x3c ./Core/Src/stm32h7xx_hal_msp.o
                0x080022e0                HAL_MspInit
 .text.HAL_SPI_MspInit
                0x0800231c      0x168 ./Core/Src/stm32h7xx_hal_msp.o
                0x0800231c                HAL_SPI_MspInit
 .text.HAL_UART_MspInit
                0x08002484      0x194 ./Core/Src/stm32h7xx_hal_msp.o
                0x08002484                HAL_UART_MspInit
 .text.HAL_InitTick
                0x08002618       0xc4 ./Core/Src/stm32h7xx_hal_timebase_tim.o
                0x08002618                HAL_InitTick
 .text.NMI_Handler
                0x080026dc        0x8 ./Core/Src/stm32h7xx_it.o
                0x080026dc                NMI_Handler
 .text.HardFault_Handler
                0x080026e4        0x8 ./Core/Src/stm32h7xx_it.o
                0x080026e4                HardFault_Handler
 .text.MemManage_Handler
                0x080026ec        0x8 ./Core/Src/stm32h7xx_it.o
                0x080026ec                MemManage_Handler
 .text.BusFault_Handler
                0x080026f4        0x8 ./Core/Src/stm32h7xx_it.o
                0x080026f4                BusFault_Handler
 .text.UsageFault_Handler
                0x080026fc        0x8 ./Core/Src/stm32h7xx_it.o
                0x080026fc                UsageFault_Handler
 .text.DebugMon_Handler
                0x08002704        0xe ./Core/Src/stm32h7xx_it.o
                0x08002704                DebugMon_Handler
 *fill*         0x08002712        0x2 
 .text.TIM1_UP_IRQHandler
                0x08002714       0x14 ./Core/Src/stm32h7xx_it.o
                0x08002714                TIM1_UP_IRQHandler
 .text.USART2_IRQHandler
                0x08002728       0x14 ./Core/Src/stm32h7xx_it.o
                0x08002728                USART2_IRQHandler
 .text.USART3_IRQHandler
                0x0800273c       0x14 ./Core/Src/stm32h7xx_it.o
                0x0800273c                USART3_IRQHandler
 .text.SPI3_IRQHandler
                0x08002750       0x14 ./Core/Src/stm32h7xx_it.o
                0x08002750                SPI3_IRQHandler
 .text.SPI5_IRQHandler
                0x08002764       0x14 ./Core/Src/stm32h7xx_it.o
                0x08002764                SPI5_IRQHandler
 .text._getpid  0x08002778       0x10 ./Core/Src/syscalls.o
                0x08002778                _getpid
 .text._kill    0x08002788       0x20 ./Core/Src/syscalls.o
                0x08002788                _kill
 .text._exit    0x080027a8       0x16 ./Core/Src/syscalls.o
                0x080027a8                _exit
 .text._read    0x080027be       0x3a ./Core/Src/syscalls.o
                0x080027be                _read
 .text._write   0x080027f8       0x38 ./Core/Src/syscalls.o
                0x080027f8                _write
 .text._close   0x08002830       0x18 ./Core/Src/syscalls.o
                0x08002830                _close
 .text._fstat   0x08002848       0x20 ./Core/Src/syscalls.o
                0x08002848                _fstat
 .text._isatty  0x08002868       0x16 ./Core/Src/syscalls.o
                0x08002868                _isatty
 .text._lseek   0x0800287e       0x1a ./Core/Src/syscalls.o
                0x0800287e                _lseek
 .text._sbrk    0x08002898       0x6c ./Core/Src/sysmem.o
                0x08002898                _sbrk
 .text.SystemInit
                0x08002904      0x140 ./Core/Src/system_stm32h7xx.o
                0x08002904                SystemInit
 .text.ExitRun0Mode
                0x08002a44       0x30 ./Core/Src/system_stm32h7xx.o
                0x08002a44                ExitRun0Mode
 .text.Reset_Handler
                0x08002a74       0x54 ./Core/Startup/startup_stm32h753zitx.o
                0x08002a74                Reset_Handler
 .text.Default_Handler
                0x08002ac8        0x2 ./Core/Startup/startup_stm32h753zitx.o
                0x08002ac8                RTC_Alarm_IRQHandler
                0x08002ac8                HASH_RNG_IRQHandler
                0x08002ac8                EXTI2_IRQHandler
                0x08002ac8                TIM8_CC_IRQHandler
                0x08002ac8                HRTIM1_Master_IRQHandler
                0x08002ac8                UART8_IRQHandler
                0x08002ac8                SPI4_IRQHandler
                0x08002ac8                TIM1_CC_IRQHandler
                0x08002ac8                BDMA_Channel6_IRQHandler
                0x08002ac8                DMA2_Stream5_IRQHandler
                0x08002ac8                HRTIM1_FLT_IRQHandler
                0x08002ac8                JPEG_IRQHandler
                0x08002ac8                DMA1_Stream5_IRQHandler
                0x08002ac8                BDMA_Channel1_IRQHandler
                0x08002ac8                HRTIM1_TIMD_IRQHandler
                0x08002ac8                TAMP_STAMP_IRQHandler
                0x08002ac8                EXTI3_IRQHandler
                0x08002ac8                LPTIM4_IRQHandler
                0x08002ac8                TIM8_TRG_COM_TIM14_IRQHandler
                0x08002ac8                LPTIM2_IRQHandler
                0x08002ac8                DFSDM1_FLT1_IRQHandler
                0x08002ac8                DMAMUX2_OVR_IRQHandler
                0x08002ac8                TIM8_UP_TIM13_IRQHandler
                0x08002ac8                I2C3_ER_IRQHandler
                0x08002ac8                DFSDM1_FLT2_IRQHandler
                0x08002ac8                MDMA_IRQHandler
                0x08002ac8                LPTIM3_IRQHandler
                0x08002ac8                HSEM1_IRQHandler
                0x08002ac8                EXTI0_IRQHandler
                0x08002ac8                I2C2_EV_IRQHandler
                0x08002ac8                DMA1_Stream2_IRQHandler
                0x08002ac8                FPU_IRQHandler
                0x08002ac8                OTG_HS_WKUP_IRQHandler
                0x08002ac8                FDCAN1_IT1_IRQHandler
                0x08002ac8                LTDC_ER_IRQHandler
                0x08002ac8                DMA2_Stream2_IRQHandler
                0x08002ac8                HRTIM1_TIME_IRQHandler
                0x08002ac8                SPI1_IRQHandler
                0x08002ac8                TIM6_DAC_IRQHandler
                0x08002ac8                DCMI_IRQHandler
                0x08002ac8                HRTIM1_TIMC_IRQHandler
                0x08002ac8                DMA2_Stream3_IRQHandler
                0x08002ac8                SAI2_IRQHandler
                0x08002ac8                DFSDM1_FLT3_IRQHandler
                0x08002ac8                USART6_IRQHandler
                0x08002ac8                TIM17_IRQHandler
                0x08002ac8                BDMA_Channel7_IRQHandler
                0x08002ac8                CRYP_IRQHandler
                0x08002ac8                LPTIM5_IRQHandler
                0x08002ac8                UART5_IRQHandler
                0x08002ac8                ADC3_IRQHandler
                0x08002ac8                DMA2_Stream0_IRQHandler
                0x08002ac8                TIM4_IRQHandler
                0x08002ac8                BDMA_Channel2_IRQHandler
                0x08002ac8                QUADSPI_IRQHandler
                0x08002ac8                I2C1_EV_IRQHandler
                0x08002ac8                DMA1_Stream6_IRQHandler
                0x08002ac8                DMAMUX1_OVR_IRQHandler
                0x08002ac8                DMA1_Stream1_IRQHandler
                0x08002ac8                TIM16_IRQHandler
                0x08002ac8                UART4_IRQHandler
                0x08002ac8                BDMA_Channel5_IRQHandler
                0x08002ac8                TIM3_IRQHandler
                0x08002ac8                RCC_IRQHandler
                0x08002ac8                TIM8_BRK_TIM12_IRQHandler
                0x08002ac8                TIM1_TRG_COM_IRQHandler
                0x08002ac8                Default_Handler
                0x08002ac8                ECC_IRQHandler
                0x08002ac8                CEC_IRQHandler
                0x08002ac8                EXTI15_10_IRQHandler
                0x08002ac8                BDMA_Channel0_IRQHandler
                0x08002ac8                ADC_IRQHandler
                0x08002ac8                DMA1_Stream7_IRQHandler
                0x08002ac8                HRTIM1_TIMA_IRQHandler
                0x08002ac8                TIM7_IRQHandler
                0x08002ac8                SDMMC1_IRQHandler
                0x08002ac8                TIM5_IRQHandler
                0x08002ac8                DMA2_Stream7_IRQHandler
                0x08002ac8                TIM15_IRQHandler
                0x08002ac8                PVD_AVD_IRQHandler
                0x08002ac8                I2C3_EV_IRQHandler
                0x08002ac8                EXTI9_5_IRQHandler
                0x08002ac8                RTC_WKUP_IRQHandler
                0x08002ac8                LTDC_IRQHandler
                0x08002ac8                SAI3_IRQHandler
                0x08002ac8                ETH_WKUP_IRQHandler
                0x08002ac8                SPDIF_RX_IRQHandler
                0x08002ac8                SPI2_IRQHandler
                0x08002ac8                OTG_HS_EP1_IN_IRQHandler
                0x08002ac8                DMA1_Stream0_IRQHandler
                0x08002ac8                CRS_IRQHandler
                0x08002ac8                EXTI4_IRQHandler
                0x08002ac8                HRTIM1_TIMB_IRQHandler
                0x08002ac8                FDCAN2_IT1_IRQHandler
                0x08002ac8                ETH_IRQHandler
                0x08002ac8                BDMA_Channel4_IRQHandler
                0x08002ac8                OTG_HS_EP1_OUT_IRQHandler
                0x08002ac8                WWDG_IRQHandler
                0x08002ac8                SPI6_IRQHandler
                0x08002ac8                MDIOS_IRQHandler
                0x08002ac8                I2C4_EV_IRQHandler
                0x08002ac8                FDCAN2_IT0_IRQHandler
                0x08002ac8                LPUART1_IRQHandler
                0x08002ac8                FDCAN1_IT0_IRQHandler
                0x08002ac8                TIM2_IRQHandler
                0x08002ac8                OTG_FS_WKUP_IRQHandler
                0x08002ac8                OTG_HS_IRQHandler
                0x08002ac8                DMA2D_IRQHandler
                0x08002ac8                TIM1_BRK_IRQHandler
                0x08002ac8                EXTI1_IRQHandler
                0x08002ac8                SDMMC2_IRQHandler
                0x08002ac8                OTG_FS_EP1_OUT_IRQHandler
                0x08002ac8                BDMA_Channel3_IRQHandler
                0x08002ac8                UART7_IRQHandler
                0x08002ac8                MDIOS_WKUP_IRQHandler
                0x08002ac8                DFSDM1_FLT0_IRQHandler
                0x08002ac8                SAI4_IRQHandler
                0x08002ac8                I2C2_ER_IRQHandler
                0x08002ac8                DMA2_Stream1_IRQHandler
                0x08002ac8                FLASH_IRQHandler
                0x08002ac8                DMA2_Stream4_IRQHandler
                0x08002ac8                USART1_IRQHandler
                0x08002ac8                OTG_FS_IRQHandler
                0x08002ac8                WAKEUP_PIN_IRQHandler
                0x08002ac8                DMA1_Stream4_IRQHandler
                0x08002ac8                OTG_FS_EP1_IN_IRQHandler
                0x08002ac8                I2C1_ER_IRQHandler
                0x08002ac8                FMC_IRQHandler
                0x08002ac8                FDCAN_CAL_IRQHandler
                0x08002ac8                SWPMI1_IRQHandler
                0x08002ac8                COMP1_IRQHandler
                0x08002ac8                LPTIM1_IRQHandler
                0x08002ac8                I2C4_ER_IRQHandler
                0x08002ac8                DMA2_Stream6_IRQHandler
                0x08002ac8                SAI1_IRQHandler
                0x08002ac8                DMA1_Stream3_IRQHandler
 *fill*         0x08002aca        0x2 
 .text.HAL_Init
                0x08002acc       0x78 ./Drivers/STM32H7xx_HAL_Driver/Src/stm32h7xx_hal.o
                0x08002acc                HAL_Init
 .text.HAL_IncTick
                0x08002b44       0x28 ./Drivers/STM32H7xx_HAL_Driver/Src/stm32h7xx_hal.o
                0x08002b44                HAL_IncTick
 .text.HAL_GetTick
                0x08002b6c       0x18 ./Drivers/STM32H7xx_HAL_Driver/Src/stm32h7xx_hal.o
                0x08002b6c                HAL_GetTick
 .text.HAL_GetREVID
                0x08002b84       0x18 ./Drivers/STM32H7xx_HAL_Driver/Src/stm32h7xx_hal.o
                0x08002b84                HAL_GetREVID
 .text.__NVIC_SetPriorityGrouping
                0x08002b9c       0x48 ./Drivers/STM32H7xx_HAL_Driver/Src/stm32h7xx_hal_cortex.o
 .text.__NVIC_GetPriorityGrouping
                0x08002be4       0x1c ./Drivers/STM32H7xx_HAL_Driver/Src/stm32h7xx_hal_cortex.o
 .text.__NVIC_EnableIRQ
                0x08002c00       0x3c ./Drivers/STM32H7xx_HAL_Driver/Src/stm32h7xx_hal_cortex.o
 .text.__NVIC_SetPriority
                0x08002c3c       0x54 ./Drivers/STM32H7xx_HAL_Driver/Src/stm32h7xx_hal_cortex.o
 .text.NVIC_EncodePriority
                0x08002c90       0x66 ./Drivers/STM32H7xx_HAL_Driver/Src/stm32h7xx_hal_cortex.o
 .text.HAL_NVIC_SetPriorityGrouping
                0x08002cf6       0x16 ./Drivers/STM32H7xx_HAL_Driver/Src/stm32h7xx_hal_cortex.o
                0x08002cf6                HAL_NVIC_SetPriorityGrouping
 .text.HAL_NVIC_SetPriority
                0x08002d0c       0x34 ./Drivers/STM32H7xx_HAL_Driver/Src/stm32h7xx_hal_cortex.o
                0x08002d0c                HAL_NVIC_SetPriority
 .text.HAL_NVIC_EnableIRQ
                0x08002d40       0x1c ./Drivers/STM32H7xx_HAL_Driver/Src/stm32h7xx_hal_cortex.o
                0x08002d40                HAL_NVIC_EnableIRQ
 .text.HAL_MPU_Disable
                0x08002d5c       0x30 ./Drivers/STM32H7xx_HAL_Driver/Src/stm32h7xx_hal_cortex.o
                0x08002d5c                HAL_MPU_Disable
 .text.HAL_MPU_Enable
                0x08002d8c       0x40 ./Drivers/STM32H7xx_HAL_Driver/Src/stm32h7xx_hal_cortex.o
                0x08002d8c                HAL_MPU_Enable
 .text.HAL_MPU_ConfigRegion
                0x08002dcc       0x80 ./Drivers/STM32H7xx_HAL_Driver/Src/stm32h7xx_hal_cortex.o
                0x08002dcc                HAL_MPU_ConfigRegion
 .text.HAL_DMA_Abort
                0x08002e4c      0x63c ./Drivers/STM32H7xx_HAL_Driver/Src/stm32h7xx_hal_dma.o
                0x08002e4c                HAL_DMA_Abort
 .text.HAL_DMA_Abort_IT
                0x08003488      0x48c ./Drivers/STM32H7xx_HAL_Driver/Src/stm32h7xx_hal_dma.o
                0x08003488                HAL_DMA_Abort_IT
 .text.HAL_GPIO_Init
                0x08003914      0x360 ./Drivers/STM32H7xx_HAL_Driver/Src/stm32h7xx_hal_gpio.o
                0x08003914                HAL_GPIO_Init
 .text.HAL_GPIO_WritePin
                0x08003c74       0x32 ./Drivers/STM32H7xx_HAL_Driver/Src/stm32h7xx_hal_gpio.o
                0x08003c74                HAL_GPIO_WritePin
 *fill*         0x08003ca6        0x2 
 .text.HAL_PWREx_ConfigSupply
                0x08003ca8       0x74 ./Drivers/STM32H7xx_HAL_Driver/Src/stm32h7xx_hal_pwr_ex.o
                0x08003ca8                HAL_PWREx_ConfigSupply
 .text.HAL_RCC_OscConfig
                0x08003d1c      0x8b4 ./Drivers/STM32H7xx_HAL_Driver/Src/stm32h7xx_hal_rcc.o
                0x08003d1c                HAL_RCC_OscConfig
 .text.HAL_RCC_ClockConfig
                0x080045d0      0x36c ./Drivers/STM32H7xx_HAL_Driver/Src/stm32h7xx_hal_rcc.o
                0x080045d0                HAL_RCC_ClockConfig
 .text.HAL_RCC_GetSysClockFreq
                0x0800493c      0x2f4 ./Drivers/STM32H7xx_HAL_Driver/Src/stm32h7xx_hal_rcc.o
                0x0800493c                HAL_RCC_GetSysClockFreq
 .text.HAL_RCC_GetHCLKFreq
                0x08004c30       0x60 ./Drivers/STM32H7xx_HAL_Driver/Src/stm32h7xx_hal_rcc.o
                0x08004c30                HAL_RCC_GetHCLKFreq
 .text.HAL_RCC_GetPCLK1Freq
                0x08004c90       0x2c ./Drivers/STM32H7xx_HAL_Driver/Src/stm32h7xx_hal_rcc.o
                0x08004c90                HAL_RCC_GetPCLK1Freq
 .text.HAL_RCC_GetPCLK2Freq
                0x08004cbc       0x2c ./Drivers/STM32H7xx_HAL_Driver/Src/stm32h7xx_hal_rcc.o
                0x08004cbc                HAL_RCC_GetPCLK2Freq
 .text.HAL_RCC_GetClockConfig
                0x08004ce8       0x84 ./Drivers/STM32H7xx_HAL_Driver/Src/stm32h7xx_hal_rcc.o
                0x08004ce8                HAL_RCC_GetClockConfig
 .text.HAL_RCCEx_PeriphCLKConfig
                0x08004d6c     0x1414 ./Drivers/STM32H7xx_HAL_Driver/Src/stm32h7xx_hal_rcc_ex.o
                0x08004d6c                HAL_RCCEx_PeriphCLKConfig
 .text.HAL_RCCEx_GetD3PCLK1Freq
                0x08006180       0x2c ./Drivers/STM32H7xx_HAL_Driver/Src/stm32h7xx_hal_rcc_ex.o
                0x08006180                HAL_RCCEx_GetD3PCLK1Freq
 .text.HAL_RCCEx_GetPLL2ClockFreq
                0x080061ac      0x2a8 ./Drivers/STM32H7xx_HAL_Driver/Src/stm32h7xx_hal_rcc_ex.o
                0x080061ac                HAL_RCCEx_GetPLL2ClockFreq
 .text.HAL_RCCEx_GetPLL3ClockFreq
                0x08006454      0x2a8 ./Drivers/STM32H7xx_HAL_Driver/Src/stm32h7xx_hal_rcc_ex.o
                0x08006454                HAL_RCCEx_GetPLL3ClockFreq
 .text.RCCEx_PLL2_Config
                0x080066fc      0x164 ./Drivers/STM32H7xx_HAL_Driver/Src/stm32h7xx_hal_rcc_ex.o
 .text.RCCEx_PLL3_Config
                0x08006860      0x164 ./Drivers/STM32H7xx_HAL_Driver/Src/stm32h7xx_hal_rcc_ex.o
 .text.HAL_SPI_Init
                0x080069c4      0x2cc ./Drivers/STM32H7xx_HAL_Driver/Src/stm32h7xx_hal_spi.o
                0x080069c4                HAL_SPI_Init
 .text.HAL_SPI_RegisterCallback
                0x08006c90      0x158 ./Drivers/STM32H7xx_HAL_Driver/Src/stm32h7xx_hal_spi.o
                0x08006c90                HAL_SPI_RegisterCallback
 .text.HAL_SPI_Transmit_IT
                0x08006de8      0x154 ./Drivers/STM32H7xx_HAL_Driver/Src/stm32h7xx_hal_spi.o
                0x08006de8                HAL_SPI_Transmit_IT
 .text.HAL_SPI_Receive_IT
                0x08006f3c      0x154 ./Drivers/STM32H7xx_HAL_Driver/Src/stm32h7xx_hal_spi.o
                0x08006f3c                HAL_SPI_Receive_IT
 .text.HAL_SPI_IRQHandler
                0x08007090      0x3b4 ./Drivers/STM32H7xx_HAL_Driver/Src/stm32h7xx_hal_spi.o
                0x08007090                HAL_SPI_IRQHandler
 .text.HAL_SPI_TxCpltCallback
                0x08007444       0x14 ./Drivers/STM32H7xx_HAL_Driver/Src/stm32h7xx_hal_spi.o
                0x08007444                HAL_SPI_TxCpltCallback
 .text.HAL_SPI_RxCpltCallback
                0x08007458       0x14 ./Drivers/STM32H7xx_HAL_Driver/Src/stm32h7xx_hal_spi.o
                0x08007458                HAL_SPI_RxCpltCallback
 .text.HAL_SPI_TxRxCpltCallback
                0x0800746c       0x14 ./Drivers/STM32H7xx_HAL_Driver/Src/stm32h7xx_hal_spi.o
                0x0800746c                HAL_SPI_TxRxCpltCallback
 .text.HAL_SPI_TxHalfCpltCallback
                0x08007480       0x14 ./Drivers/STM32H7xx_HAL_Driver/Src/stm32h7xx_hal_spi.o
                0x08007480                HAL_SPI_TxHalfCpltCallback
 .text.HAL_SPI_RxHalfCpltCallback
                0x08007494       0x14 ./Drivers/STM32H7xx_HAL_Driver/Src/stm32h7xx_hal_spi.o
                0x08007494                HAL_SPI_RxHalfCpltCallback
 .text.HAL_SPI_TxRxHalfCpltCallback
                0x080074a8       0x14 ./Drivers/STM32H7xx_HAL_Driver/Src/stm32h7xx_hal_spi.o
                0x080074a8                HAL_SPI_TxRxHalfCpltCallback
 .text.HAL_SPI_ErrorCallback
                0x080074bc       0x14 ./Drivers/STM32H7xx_HAL_Driver/Src/stm32h7xx_hal_spi.o
                0x080074bc                HAL_SPI_ErrorCallback
 .text.HAL_SPI_AbortCpltCallback
                0x080074d0       0x14 ./Drivers/STM32H7xx_HAL_Driver/Src/stm32h7xx_hal_spi.o
                0x080074d0                HAL_SPI_AbortCpltCallback
 .text.HAL_SPI_SuspendCallback
                0x080074e4       0x14 ./Drivers/STM32H7xx_HAL_Driver/Src/stm32h7xx_hal_spi.o
                0x080074e4                HAL_SPI_SuspendCallback
 .text.SPI_DMAAbortOnError
                0x080074f8       0x38 ./Drivers/STM32H7xx_HAL_Driver/Src/stm32h7xx_hal_spi.o
 .text.SPI_RxISR_8BIT
                0x08007530       0x5e ./Drivers/STM32H7xx_HAL_Driver/Src/stm32h7xx_hal_spi.o
 .text.SPI_RxISR_16BIT
                0x0800758e       0x60 ./Drivers/STM32H7xx_HAL_Driver/Src/stm32h7xx_hal_spi.o
 .text.SPI_RxISR_32BIT
                0x080075ee       0x58 ./Drivers/STM32H7xx_HAL_Driver/Src/stm32h7xx_hal_spi.o
 .text.SPI_TxISR_8BIT
                0x08007646       0x5a ./Drivers/STM32H7xx_HAL_Driver/Src/stm32h7xx_hal_spi.o
 .text.SPI_TxISR_16BIT
                0x080076a0       0x5e ./Drivers/STM32H7xx_HAL_Driver/Src/stm32h7xx_hal_spi.o
 .text.SPI_TxISR_32BIT
                0x080076fe       0x58 ./Drivers/STM32H7xx_HAL_Driver/Src/stm32h7xx_hal_spi.o
 *fill*         0x08007756        0x2 
 .text.SPI_CloseTransfer
                0x08007758      0x140 ./Drivers/STM32H7xx_HAL_Driver/Src/stm32h7xx_hal_spi.o
 .text.SPI_GetPacketSize
                0x08007898       0x36 ./Drivers/STM32H7xx_HAL_Driver/Src/stm32h7xx_hal_spi.o
 .text.HAL_TIM_Base_Init
                0x080078ce       0xae ./Drivers/STM32H7xx_HAL_Driver/Src/stm32h7xx_hal_tim.o
                0x080078ce                HAL_TIM_Base_Init
 .text.HAL_TIM_Base_MspInit
                0x0800797c       0x14 ./Drivers/STM32H7xx_HAL_Driver/Src/stm32h7xx_hal_tim.o
                0x0800797c                HAL_TIM_Base_MspInit
 .text.HAL_TIM_Base_Start_IT
                0x08007990       0xf0 ./Drivers/STM32H7xx_HAL_Driver/Src/stm32h7xx_hal_tim.o
                0x08007990                HAL_TIM_Base_Start_IT
 .text.HAL_TIM_IRQHandler
                0x08007a80      0x20e ./Drivers/STM32H7xx_HAL_Driver/Src/stm32h7xx_hal_tim.o
                0x08007a80                HAL_TIM_IRQHandler
 .text.HAL_TIM_OC_DelayElapsedCallback
                0x08007c8e       0x14 ./Drivers/STM32H7xx_HAL_Driver/Src/stm32h7xx_hal_tim.o
                0x08007c8e                HAL_TIM_OC_DelayElapsedCallback
 .text.HAL_TIM_IC_CaptureCallback
                0x08007ca2       0x14 ./Drivers/STM32H7xx_HAL_Driver/Src/stm32h7xx_hal_tim.o
                0x08007ca2                HAL_TIM_IC_CaptureCallback
 .text.HAL_TIM_PWM_PulseFinishedCallback
                0x08007cb6       0x14 ./Drivers/STM32H7xx_HAL_Driver/Src/stm32h7xx_hal_tim.o
                0x08007cb6                HAL_TIM_PWM_PulseFinishedCallback
 .text.HAL_TIM_TriggerCallback
                0x08007cca       0x14 ./Drivers/STM32H7xx_HAL_Driver/Src/stm32h7xx_hal_tim.o
                0x08007cca                HAL_TIM_TriggerCallback
 *fill*         0x08007cde        0x2 
 .text.TIM_Base_SetConfig
                0x08007ce0      0x140 ./Drivers/STM32H7xx_HAL_Driver/Src/stm32h7xx_hal_tim.o
                0x08007ce0                TIM_Base_SetConfig
 .text.HAL_TIMEx_CommutCallback
                0x08007e20       0x14 ./Drivers/STM32H7xx_HAL_Driver/Src/stm32h7xx_hal_tim_ex.o
                0x08007e20                HAL_TIMEx_CommutCallback
 .text.HAL_TIMEx_BreakCallback
                0x08007e34       0x14 ./Drivers/STM32H7xx_HAL_Driver/Src/stm32h7xx_hal_tim_ex.o
                0x08007e34                HAL_TIMEx_BreakCallback
 .text.HAL_TIMEx_Break2Callback
                0x08007e48       0x14 ./Drivers/STM32H7xx_HAL_Driver/Src/stm32h7xx_hal_tim_ex.o
                0x08007e48                HAL_TIMEx_Break2Callback
 .text.HAL_UART_Init
                0x08007e5c       0xc0 ./Drivers/STM32H7xx_HAL_Driver/Src/stm32h7xx_hal_uart.o
                0x08007e5c                HAL_UART_Init
 .text.HAL_UART_RegisterCallback
                0x08007f1c      0x174 ./Drivers/STM32H7xx_HAL_Driver/Src/stm32h7xx_hal_uart.o
                0x08007f1c                HAL_UART_RegisterCallback
 .text.HAL_UART_Transmit_IT
                0x08008090      0x128 ./Drivers/STM32H7xx_HAL_Driver/Src/stm32h7xx_hal_uart.o
                0x08008090                HAL_UART_Transmit_IT
 .text.HAL_UART_Receive_IT
                0x080081b8       0x98 ./Drivers/STM32H7xx_HAL_Driver/Src/stm32h7xx_hal_uart.o
                0x080081b8                HAL_UART_Receive_IT
 .text.HAL_UART_IRQHandler
                0x08008250      0x7d0 ./Drivers/STM32H7xx_HAL_Driver/Src/stm32h7xx_hal_uart.o
                0x08008250                HAL_UART_IRQHandler
 .text.HAL_UART_TxCpltCallback
                0x08008a20       0x14 ./Drivers/STM32H7xx_HAL_Driver/Src/stm32h7xx_hal_uart.o
                0x08008a20                HAL_UART_TxCpltCallback
 .text.HAL_UART_TxHalfCpltCallback
                0x08008a34       0x14 ./Drivers/STM32H7xx_HAL_Driver/Src/stm32h7xx_hal_uart.o
                0x08008a34                HAL_UART_TxHalfCpltCallback
 .text.HAL_UART_RxCpltCallback
                0x08008a48       0x14 ./Drivers/STM32H7xx_HAL_Driver/Src/stm32h7xx_hal_uart.o
                0x08008a48                HAL_UART_RxCpltCallback
 .text.HAL_UART_RxHalfCpltCallback
                0x08008a5c       0x14 ./Drivers/STM32H7xx_HAL_Driver/Src/stm32h7xx_hal_uart.o
                0x08008a5c                HAL_UART_RxHalfCpltCallback
 .text.HAL_UART_ErrorCallback
                0x08008a70       0x14 ./Drivers/STM32H7xx_HAL_Driver/Src/stm32h7xx_hal_uart.o
                0x08008a70                HAL_UART_ErrorCallback
 .text.HAL_UART_AbortCpltCallback
                0x08008a84       0x14 ./Drivers/STM32H7xx_HAL_Driver/Src/stm32h7xx_hal_uart.o
                0x08008a84                HAL_UART_AbortCpltCallback
 .text.HAL_UART_AbortTransmitCpltCallback
                0x08008a98       0x14 ./Drivers/STM32H7xx_HAL_Driver/Src/stm32h7xx_hal_uart.o
                0x08008a98                HAL_UART_AbortTransmitCpltCallback
 .text.HAL_UART_AbortReceiveCpltCallback
                0x08008aac       0x14 ./Drivers/STM32H7xx_HAL_Driver/Src/stm32h7xx_hal_uart.o
                0x08008aac                HAL_UART_AbortReceiveCpltCallback
 .text.HAL_UARTEx_RxEventCallback
                0x08008ac0       0x18 ./Drivers/STM32H7xx_HAL_Driver/Src/stm32h7xx_hal_uart.o
                0x08008ac0                HAL_UARTEx_RxEventCallback
 .text.UART_InitCallbacksToDefault
                0x08008ad8       0xa4 ./Drivers/STM32H7xx_HAL_Driver/Src/stm32h7xx_hal_uart.o
                0x08008ad8                UART_InitCallbacksToDefault
 .text.UART_SetConfig
                0x08008b7c      0xad0 ./Drivers/STM32H7xx_HAL_Driver/Src/stm32h7xx_hal_uart.o
                0x08008b7c                UART_SetConfig
 .text.UART_AdvFeatureConfig
                0x0800964c      0x144 ./Drivers/STM32H7xx_HAL_Driver/Src/stm32h7xx_hal_uart.o
                0x0800964c                UART_AdvFeatureConfig
 .text.UART_CheckIdleState
                0x08009790      0x154 ./Drivers/STM32H7xx_HAL_Driver/Src/stm32h7xx_hal_uart.o
                0x08009790                UART_CheckIdleState
 .text.UART_WaitOnFlagUntilTimeout
                0x080098e4       0xda ./Drivers/STM32H7xx_HAL_Driver/Src/stm32h7xx_hal_uart.o
                0x080098e4                UART_WaitOnFlagUntilTimeout
 *fill*         0x080099be        0x2 
 .text.UART_Start_Receive_IT
                0x080099c0      0x244 ./Drivers/STM32H7xx_HAL_Driver/Src/stm32h7xx_hal_uart.o
                0x080099c0                UART_Start_Receive_IT
 .text.UART_EndRxTransfer
                0x08009c04       0xcc ./Drivers/STM32H7xx_HAL_Driver/Src/stm32h7xx_hal_uart.o
 .text.UART_DMAAbortOnError
                0x08009cd0       0x28 ./Drivers/STM32H7xx_HAL_Driver/Src/stm32h7xx_hal_uart.o
 .text.UART_TxISR_8BIT
                0x08009cf8       0xb8 ./Drivers/STM32H7xx_HAL_Driver/Src/stm32h7xx_hal_uart.o
 .text.UART_TxISR_16BIT
                0x08009db0       0xc2 ./Drivers/STM32H7xx_HAL_Driver/Src/stm32h7xx_hal_uart.o
 .text.UART_TxISR_8BIT_FIFOEN
                0x08009e72       0xe0 ./Drivers/STM32H7xx_HAL_Driver/Src/stm32h7xx_hal_uart.o
 .text.UART_TxISR_16BIT_FIFOEN
                0x08009f52       0xea ./Drivers/STM32H7xx_HAL_Driver/Src/stm32h7xx_hal_uart.o
 .text.UART_EndTransmit_IT
                0x0800a03c       0x5a ./Drivers/STM32H7xx_HAL_Driver/Src/stm32h7xx_hal_uart.o
 *fill*         0x0800a096        0x2 
 .text.UART_RxISR_8BIT
                0x0800a098      0x1c0 ./Drivers/STM32H7xx_HAL_Driver/Src/stm32h7xx_hal_uart.o
 .text.UART_RxISR_16BIT
                0x0800a258      0x1c0 ./Drivers/STM32H7xx_HAL_Driver/Src/stm32h7xx_hal_uart.o
 .text.UART_RxISR_8BIT_FIFOEN
                0x0800a418      0x370 ./Drivers/STM32H7xx_HAL_Driver/Src/stm32h7xx_hal_uart.o
 .text.UART_RxISR_16BIT_FIFOEN
                0x0800a788      0x378 ./Drivers/STM32H7xx_HAL_Driver/Src/stm32h7xx_hal_uart.o
 .text.HAL_UARTEx_WakeupCallback
                0x0800ab00       0x14 ./Drivers/STM32H7xx_HAL_Driver/Src/stm32h7xx_hal_uart_ex.o
                0x0800ab00                HAL_UARTEx_WakeupCallback
 .text.HAL_UARTEx_RxFifoFullCallback
                0x0800ab14       0x14 ./Drivers/STM32H7xx_HAL_Driver/Src/stm32h7xx_hal_uart_ex.o
                0x0800ab14                HAL_UARTEx_RxFifoFullCallback
 .text.HAL_UARTEx_TxFifoEmptyCallback
                0x0800ab28       0x14 ./Drivers/STM32H7xx_HAL_Driver/Src/stm32h7xx_hal_uart_ex.o
                0x0800ab28                HAL_UARTEx_TxFifoEmptyCallback
 .text.HAL_UARTEx_DisableFifoMode
                0x0800ab3c       0x72 ./Drivers/STM32H7xx_HAL_Driver/Src/stm32h7xx_hal_uart_ex.o
                0x0800ab3c                HAL_UARTEx_DisableFifoMode
 .text.HAL_UARTEx_SetTxFifoThreshold
                0x0800abae       0x7c ./Drivers/STM32H7xx_HAL_Driver/Src/stm32h7xx_hal_uart_ex.o
                0x0800abae                HAL_UARTEx_SetTxFifoThreshold
 .text.HAL_UARTEx_SetRxFifoThreshold
                0x0800ac2a       0x7c ./Drivers/STM32H7xx_HAL_Driver/Src/stm32h7xx_hal_uart_ex.o
                0x0800ac2a                HAL_UARTEx_SetRxFifoThreshold
 *fill*         0x0800aca6        0x2 
 .text.UARTEx_SetNbDataToProcess
                0x0800aca8       0x9c ./Drivers/STM32H7xx_HAL_Driver/Src/stm32h7xx_hal_uart_ex.o
 .text.__NVIC_SetPriority
                0x0800ad44       0x54 ./Middlewares/Third_Party/FreeRTOS/Source/CMSIS_RTOS_V2/cmsis_os2.o
 .text.SysTick_Handler
                0x0800ad98       0x20 ./Middlewares/Third_Party/FreeRTOS/Source/CMSIS_RTOS_V2/cmsis_os2.o
                0x0800ad98                SysTick_Handler
 .text.SVC_Setup
                0x0800adb8       0x12 ./Middlewares/Third_Party/FreeRTOS/Source/CMSIS_RTOS_V2/cmsis_os2.o
 *fill*         0x0800adca        0x2 
 .text.osKernelInitialize
                0x0800adcc       0x48 ./Middlewares/Third_Party/FreeRTOS/Source/CMSIS_RTOS_V2/cmsis_os2.o
                0x0800adcc                osKernelInitialize
 .text.osKernelStart
                0x0800ae14       0x4c ./Middlewares/Third_Party/FreeRTOS/Source/CMSIS_RTOS_V2/cmsis_os2.o
                0x0800ae14                osKernelStart
 .text.osThreadNew
                0x0800ae60      0x124 ./Middlewares/Third_Party/FreeRTOS/Source/CMSIS_RTOS_V2/cmsis_os2.o
                0x0800ae60                osThreadNew
 .text.osDelay  0x0800af84       0x36 ./Middlewares/Third_Party/FreeRTOS/Source/CMSIS_RTOS_V2/cmsis_os2.o
                0x0800af84                osDelay
 *fill*         0x0800afba        0x2 
 .text.osSemaphoreAcquire
                0x0800afbc       0xa4 ./Middlewares/Third_Party/FreeRTOS/Source/CMSIS_RTOS_V2/cmsis_os2.o
                0x0800afbc                osSemaphoreAcquire
 .text.vApplicationGetIdleTaskMemory
                0x0800b060       0x34 ./Middlewares/Third_Party/FreeRTOS/Source/CMSIS_RTOS_V2/cmsis_os2.o
                0x0800b060                vApplicationGetIdleTaskMemory
 .text.vApplicationGetTimerTaskMemory
                0x0800b094       0x34 ./Middlewares/Third_Party/FreeRTOS/Source/CMSIS_RTOS_V2/cmsis_os2.o
                0x0800b094                vApplicationGetTimerTaskMemory
 .text.vListInitialise
                0x0800b0c8       0x40 ./Middlewares/Third_Party/FreeRTOS/Source/list.o
                0x0800b0c8                vListInitialise
 .text.vListInitialiseItem
                0x0800b108       0x1a ./Middlewares/Third_Party/FreeRTOS/Source/list.o
                0x0800b108                vListInitialiseItem
 .text.vListInsertEnd
                0x0800b122       0x48 ./Middlewares/Third_Party/FreeRTOS/Source/list.o
                0x0800b122                vListInsertEnd
 .text.vListInsert
                0x0800b16a       0x72 ./Middlewares/Third_Party/FreeRTOS/Source/list.o
                0x0800b16a                vListInsert
 .text.uxListRemove
                0x0800b1dc       0x54 ./Middlewares/Third_Party/FreeRTOS/Source/list.o
                0x0800b1dc                uxListRemove
 .text.xQueueGenericReset
                0x0800b230       0xd4 ./Middlewares/Third_Party/FreeRTOS/Source/queue.o
                0x0800b230                xQueueGenericReset
 .text.xQueueGenericCreateStatic
                0x0800b304       0xfa ./Middlewares/Third_Party/FreeRTOS/Source/queue.o
                0x0800b304                xQueueGenericCreateStatic
 .text.xQueueGenericCreate
                0x0800b3fe       0x76 ./Middlewares/Third_Party/FreeRTOS/Source/queue.o
                0x0800b3fe                xQueueGenericCreate
 .text.prvInitialiseNewQueue
                0x0800b474       0x4c ./Middlewares/Third_Party/FreeRTOS/Source/queue.o
 .text.xQueueGenericSend
                0x0800b4c0      0x23c ./Middlewares/Third_Party/FreeRTOS/Source/queue.o
                0x0800b4c0                xQueueGenericSend
 .text.xQueueGenericSendFromISR
                0x0800b6fc      0x16a ./Middlewares/Third_Party/FreeRTOS/Source/queue.o
                0x0800b6fc                xQueueGenericSendFromISR
 *fill*         0x0800b866        0x2 
 .text.xQueueReceive
                0x0800b868      0x1c4 ./Middlewares/Third_Party/FreeRTOS/Source/queue.o
                0x0800b868                xQueueReceive
 .text.xQueueSemaphoreTake
                0x0800ba2c      0x220 ./Middlewares/Third_Party/FreeRTOS/Source/queue.o
                0x0800ba2c                xQueueSemaphoreTake
 .text.xQueueReceiveFromISR
                0x0800bc4c      0x104 ./Middlewares/Third_Party/FreeRTOS/Source/queue.o
                0x0800bc4c                xQueueReceiveFromISR
 .text.prvGetDisinheritPriorityAfterTimeout
                0x0800bd50       0x30 ./Middlewares/Third_Party/FreeRTOS/Source/queue.o
 .text.prvCopyDataToQueue
                0x0800bd80       0xd4 ./Middlewares/Third_Party/FreeRTOS/Source/queue.o
 .text.prvCopyDataFromQueue
                0x0800be54       0x4c ./Middlewares/Third_Party/FreeRTOS/Source/queue.o
 .text.prvUnlockQueue
                0x0800bea0       0xbe ./Middlewares/Third_Party/FreeRTOS/Source/queue.o
 .text.prvIsQueueEmpty
                0x0800bf5e       0x2c ./Middlewares/Third_Party/FreeRTOS/Source/queue.o
 .text.prvIsQueueFull
                0x0800bf8a       0x30 ./Middlewares/Third_Party/FreeRTOS/Source/queue.o
 *fill*         0x0800bfba        0x2 
 .text.vQueueAddToRegistry
                0x0800bfbc       0x54 ./Middlewares/Third_Party/FreeRTOS/Source/queue.o
                0x0800bfbc                vQueueAddToRegistry
 .text.vQueueWaitForMessageRestricted
                0x0800c010       0x68 ./Middlewares/Third_Party/FreeRTOS/Source/queue.o
                0x0800c010                vQueueWaitForMessageRestricted
 .text.xQueueAddToSet
                0x0800c078       0x42 ./Middlewares/Third_Party/FreeRTOS/Source/queue.o
                0x0800c078                xQueueAddToSet
 .text.xQueueSelectFromSet
                0x0800c0ba       0x26 ./Middlewares/Third_Party/FreeRTOS/Source/queue.o
                0x0800c0ba                xQueueSelectFromSet
 .text.prvNotifyQueueSetContainer
                0x0800c0e0       0xb6 ./Middlewares/Third_Party/FreeRTOS/Source/queue.o
 .text.xStreamBufferGenericCreate
                0x0800c196       0xbc ./Middlewares/Third_Party/FreeRTOS/Source/stream_buffer.o
                0x0800c196                xStreamBufferGenericCreate
 .text.xStreamBufferSpacesAvailable
                0x0800c252       0x68 ./Middlewares/Third_Party/FreeRTOS/Source/stream_buffer.o
                0x0800c252                xStreamBufferSpacesAvailable
 .text.xStreamBufferSend
                0x0800c2ba      0x172 ./Middlewares/Third_Party/FreeRTOS/Source/stream_buffer.o
                0x0800c2ba                xStreamBufferSend
 .text.prvWriteMessageToBuffer
                0x0800c42c       0x7a ./Middlewares/Third_Party/FreeRTOS/Source/stream_buffer.o
 .text.xStreamBufferReceive
                0x0800c4a6      0x130 ./Middlewares/Third_Party/FreeRTOS/Source/stream_buffer.o
                0x0800c4a6                xStreamBufferReceive
 .text.prvReadMessageFromBuffer
                0x0800c5d6       0x64 ./Middlewares/Third_Party/FreeRTOS/Source/stream_buffer.o
 .text.prvWriteBytesToBuffer
                0x0800c63a       0xea ./Middlewares/Third_Party/FreeRTOS/Source/stream_buffer.o
 .text.prvReadBytesFromBuffer
                0x0800c724       0xfa ./Middlewares/Third_Party/FreeRTOS/Source/stream_buffer.o
 .text.prvBytesInBuffer
                0x0800c81e       0x40 ./Middlewares/Third_Party/FreeRTOS/Source/stream_buffer.o
 .text.prvInitialiseNewStreamBuffer
                0x0800c85e       0x68 ./Middlewares/Third_Party/FreeRTOS/Source/stream_buffer.o
 .text.xTaskCreateStatic
                0x0800c8c6       0xc0 ./Middlewares/Third_Party/FreeRTOS/Source/tasks.o
                0x0800c8c6                xTaskCreateStatic
 .text.xTaskCreate
                0x0800c986       0x8a ./Middlewares/Third_Party/FreeRTOS/Source/tasks.o
                0x0800c986                xTaskCreate
 .text.prvInitialiseNewTask
                0x0800ca10      0x158 ./Middlewares/Third_Party/FreeRTOS/Source/tasks.o
 .text.prvAddNewTaskToReadyList
                0x0800cb68       0xe0 ./Middlewares/Third_Party/FreeRTOS/Source/tasks.o
 .text.vTaskDelayUntil
                0x0800cc48      0x100 ./Middlewares/Third_Party/FreeRTOS/Source/tasks.o
                0x0800cc48                vTaskDelayUntil
 .text.vTaskDelay
                0x0800cd48       0x6c ./Middlewares/Third_Party/FreeRTOS/Source/tasks.o
                0x0800cd48                vTaskDelay
 .text.vTaskStartScheduler
                0x0800cdb4       0xe0 ./Middlewares/Third_Party/FreeRTOS/Source/tasks.o
                0x0800cdb4                vTaskStartScheduler
 .text.vTaskSuspendAll
                0x0800ce94       0x1c ./Middlewares/Third_Party/FreeRTOS/Source/tasks.o
                0x0800ce94                vTaskSuspendAll
 .text.xTaskResumeAll
                0x0800ceb0      0x13c ./Middlewares/Third_Party/FreeRTOS/Source/tasks.o
                0x0800ceb0                xTaskResumeAll
 .text.xTaskGetTickCount
                0x0800cfec       0x20 ./Middlewares/Third_Party/FreeRTOS/Source/tasks.o
                0x0800cfec                xTaskGetTickCount
 .text.xTaskIncrementTick
                0x0800d00c      0x174 ./Middlewares/Third_Party/FreeRTOS/Source/tasks.o
                0x0800d00c                xTaskIncrementTick
 .text.vTaskSwitchContext
                0x0800d180       0xcc ./Middlewares/Third_Party/FreeRTOS/Source/tasks.o
                0x0800d180                vTaskSwitchContext
 .text.vTaskPlaceOnEventList
                0x0800d24c       0x4c ./Middlewares/Third_Party/FreeRTOS/Source/tasks.o
                0x0800d24c                vTaskPlaceOnEventList
 .text.vTaskPlaceOnEventListRestricted
                0x0800d298       0x58 ./Middlewares/Third_Party/FreeRTOS/Source/tasks.o
                0x0800d298                vTaskPlaceOnEventListRestricted
 .text.xTaskRemoveFromEventList
                0x0800d2f0       0xc8 ./Middlewares/Third_Party/FreeRTOS/Source/tasks.o
                0x0800d2f0                xTaskRemoveFromEventList
 .text.vTaskSetTimeOutState
                0x0800d3b8       0x50 ./Middlewares/Third_Party/FreeRTOS/Source/tasks.o
                0x0800d3b8                vTaskSetTimeOutState
 .text.vTaskInternalSetTimeOutState
                0x0800d408       0x2c ./Middlewares/Third_Party/FreeRTOS/Source/tasks.o
                0x0800d408                vTaskInternalSetTimeOutState
 .text.xTaskCheckForTimeOut
                0x0800d434       0xe8 ./Middlewares/Third_Party/FreeRTOS/Source/tasks.o
                0x0800d434                xTaskCheckForTimeOut
 .text.vTaskMissedYield
                0x0800d51c       0x18 ./Middlewares/Third_Party/FreeRTOS/Source/tasks.o
                0x0800d51c                vTaskMissedYield
 .text.prvIdleTask
                0x0800d534       0x30 ./Middlewares/Third_Party/FreeRTOS/Source/tasks.o
 .text.prvInitialiseTaskLists
                0x0800d564       0x80 ./Middlewares/Third_Party/FreeRTOS/Source/tasks.o
 .text.prvCheckTasksWaitingTermination
                0x0800d5e4       0x5c ./Middlewares/Third_Party/FreeRTOS/Source/tasks.o
 .text.prvDeleteTCB
                0x0800d640       0x6a ./Middlewares/Third_Party/FreeRTOS/Source/tasks.o
 *fill*         0x0800d6aa        0x2 
 .text.prvResetNextTaskUnblockTime
                0x0800d6ac       0x40 ./Middlewares/Third_Party/FreeRTOS/Source/tasks.o
 .text.xTaskGetCurrentTaskHandle
                0x0800d6ec       0x20 ./Middlewares/Third_Party/FreeRTOS/Source/tasks.o
                0x0800d6ec                xTaskGetCurrentTaskHandle
 .text.xTaskGetSchedulerState
                0x0800d70c       0x3c ./Middlewares/Third_Party/FreeRTOS/Source/tasks.o
                0x0800d70c                xTaskGetSchedulerState
 .text.xTaskPriorityInherit
                0x0800d748       0xd0 ./Middlewares/Third_Party/FreeRTOS/Source/tasks.o
                0x0800d748                xTaskPriorityInherit
 .text.xTaskPriorityDisinherit
                0x0800d818       0xe0 ./Middlewares/Third_Party/FreeRTOS/Source/tasks.o
                0x0800d818                xTaskPriorityDisinherit
 .text.vTaskPriorityDisinheritAfterTimeout
                0x0800d8f8      0x108 ./Middlewares/Third_Party/FreeRTOS/Source/tasks.o
                0x0800d8f8                vTaskPriorityDisinheritAfterTimeout
 .text.pvTaskIncrementMutexHeldCount
                0x0800da00       0x28 ./Middlewares/Third_Party/FreeRTOS/Source/tasks.o
                0x0800da00                pvTaskIncrementMutexHeldCount
 .text.xTaskNotifyWait
                0x0800da28       0xc0 ./Middlewares/Third_Party/FreeRTOS/Source/tasks.o
                0x0800da28                xTaskNotifyWait
 .text.xTaskGenericNotify
                0x0800dae8      0x184 ./Middlewares/Third_Party/FreeRTOS/Source/tasks.o
                0x0800dae8                xTaskGenericNotify
 .text.xTaskNotifyStateClear
                0x0800dc6c       0x4c ./Middlewares/Third_Party/FreeRTOS/Source/tasks.o
                0x0800dc6c                xTaskNotifyStateClear
 .text.prvAddCurrentTaskToDelayedList
                0x0800dcb8       0xb4 ./Middlewares/Third_Party/FreeRTOS/Source/tasks.o
 .text.xTimerCreateTimerTask
                0x0800dd6c       0x94 ./Middlewares/Third_Party/FreeRTOS/Source/timers.o
                0x0800dd6c                xTimerCreateTimerTask
 .text.xTimerGenericCommand
                0x0800de00       0x9c ./Middlewares/Third_Party/FreeRTOS/Source/timers.o
                0x0800de00                xTimerGenericCommand
 .text.prvProcessExpiredTimer
                0x0800de9c       0x9c ./Middlewares/Third_Party/FreeRTOS/Source/timers.o
 .text.prvTimerTask
                0x0800df38       0x26 ./Middlewares/Third_Party/FreeRTOS/Source/timers.o
 *fill*         0x0800df5e        0x2 
 .text.prvProcessTimerOrBlockTask
                0x0800df60       0x9c ./Middlewares/Third_Party/FreeRTOS/Source/timers.o
 .text.prvGetNextExpireTime
                0x0800dffc       0x48 ./Middlewares/Third_Party/FreeRTOS/Source/timers.o
 .text.prvSampleTimeNow
                0x0800e044       0x40 ./Middlewares/Third_Party/FreeRTOS/Source/timers.o
 .text.prvInsertTimerInActiveList
                0x0800e084       0x84 ./Middlewares/Third_Party/FreeRTOS/Source/timers.o
 .text.prvProcessReceivedCommands
                0x0800e108      0x1cc ./Middlewares/Third_Party/FreeRTOS/Source/timers.o
 .text.prvSwitchTimerLists
                0x0800e2d4       0xcc ./Middlewares/Third_Party/FreeRTOS/Source/timers.o
 .text.prvCheckForValidListAndQueue
                0x0800e3a0       0x80 ./Middlewares/Third_Party/FreeRTOS/Source/timers.o
 .text.pxPortInitialiseStack
                0x0800e420       0x68 ./Middlewares/Third_Party/FreeRTOS/Source/portable/GCC/ARM_CM4F/port.o
                0x0800e420                pxPortInitialiseStack
 .text.prvTaskExitError
                0x0800e488       0x5c ./Middlewares/Third_Party/FreeRTOS/Source/portable/GCC/ARM_CM4F/port.o
 *fill*         0x0800e4e4        0xc 
 .text.SVC_Handler
                0x0800e4f0       0x28 ./Middlewares/Third_Party/FreeRTOS/Source/portable/GCC/ARM_CM4F/port.o
                0x0800e4f0                SVC_Handler
 .text.prvPortStartFirstTask
                0x0800e518       0x28 ./Middlewares/Third_Party/FreeRTOS/Source/portable/GCC/ARM_CM4F/port.o
 .text.xPortStartScheduler
                0x0800e540      0x148 ./Middlewares/Third_Party/FreeRTOS/Source/portable/GCC/ARM_CM4F/port.o
                0x0800e540                xPortStartScheduler
 .text.vPortEnterCritical
                0x0800e688       0x64 ./Middlewares/Third_Party/FreeRTOS/Source/portable/GCC/ARM_CM4F/port.o
                0x0800e688                vPortEnterCritical
 .text.vPortExitCritical
                0x0800e6ec       0x54 ./Middlewares/Third_Party/FreeRTOS/Source/portable/GCC/ARM_CM4F/port.o
                0x0800e6ec                vPortExitCritical
 .text.PendSV_Handler
                0x0800e740       0x68 ./Middlewares/Third_Party/FreeRTOS/Source/portable/GCC/ARM_CM4F/port.o
                0x0800e740                PendSV_Handler
 .text.xPortSysTickHandler
                0x0800e7a8       0x44 ./Middlewares/Third_Party/FreeRTOS/Source/portable/GCC/ARM_CM4F/port.o
                0x0800e7a8                xPortSysTickHandler
 .text.vPortSetupTimerInterrupt
                0x0800e7ec       0x48 ./Middlewares/Third_Party/FreeRTOS/Source/portable/GCC/ARM_CM4F/port.o
                0x0800e7ec                vPortSetupTimerInterrupt
 .text.vPortEnableVFP
                0x0800e834       0x14 ./Middlewares/Third_Party/FreeRTOS/Source/portable/GCC/ARM_CM4F/port.o
 .text.vPortValidateInterruptPriority
                0x0800e848       0x84 ./Middlewares/Third_Party/FreeRTOS/Source/portable/GCC/ARM_CM4F/port.o
                0x0800e848                vPortValidateInterruptPriority
 .text.pvPortMalloc
                0x0800e8cc      0x19c ./Middlewares/Third_Party/FreeRTOS/Source/portable/MemMang/heap_4.o
                0x0800e8cc                pvPortMalloc
 .text.vPortFree
                0x0800ea68       0xc8 ./Middlewares/Third_Party/FreeRTOS/Source/portable/MemMang/heap_4.o
                0x0800ea68                vPortFree
 .text.prvHeapInit
                0x0800eb30       0xc4 ./Middlewares/Third_Party/FreeRTOS/Source/portable/MemMang/heap_4.o
 .text.prvInsertBlockIntoFreeList
                0x0800ebf4       0xb4 ./Middlewares/Third_Party/FreeRTOS/Source/portable/MemMang/heap_4.o
 .text.__cvt    0x0800eca8       0xa8 C:/ST/STM32CubeIDE_1.19.0/STM32CubeIDE/plugins/com.st.stm32cube.ide.mcu.externaltools.gnu-tools-for-stm32.13.3.rel1.win32_1.0.0.202411081344/tools/bin/../lib/gcc/arm-none-eabi/13.3.1/../../../../arm-none-eabi/lib/thumb/v7e-m+dp/hard\libc_nano.a(libc_a-nano-vfprintf_float.o)
                0x0800eca8                __cvt
 .text.__exponent
                0x0800ed50       0x74 C:/ST/STM32CubeIDE_1.19.0/STM32CubeIDE/plugins/com.st.stm32cube.ide.mcu.externaltools.gnu-tools-for-stm32.13.3.rel1.win32_1.0.0.202411081344/tools/bin/../lib/gcc/arm-none-eabi/13.3.1/../../../../arm-none-eabi/lib/thumb/v7e-m+dp/hard\libc_nano.a(libc_a-nano-vfprintf_float.o)
                0x0800ed50                __exponent
 *fill*         0x0800edc4        0x4 
 .text._printf_float
                0x0800edc8      0x434 C:/ST/STM32CubeIDE_1.19.0/STM32CubeIDE/plugins/com.st.stm32cube.ide.mcu.externaltools.gnu-tools-for-stm32.13.3.rel1.win32_1.0.0.202411081344/tools/bin/../lib/gcc/arm-none-eabi/13.3.1/../../../../arm-none-eabi/lib/thumb/v7e-m+dp/hard\libc_nano.a(libc_a-nano-vfprintf_float.o)
                0x0800edc8                _printf_float
 .text._printf_common
                0x0800f1fc       0xda C:/ST/STM32CubeIDE_1.19.0/STM32CubeIDE/plugins/com.st.stm32cube.ide.mcu.externaltools.gnu-tools-for-stm32.13.3.rel1.win32_1.0.0.202411081344/tools/bin/../lib/gcc/arm-none-eabi/13.3.1/../../../../arm-none-eabi/lib/thumb/v7e-m+dp/hard\libc_nano.a(libc_a-nano-vfprintf_i.o)
                0x0800f1fc                _printf_common
 *fill*         0x0800f2d6        0x2 
 .text._printf_i
                0x0800f2d8      0x23c C:/ST/STM32CubeIDE_1.19.0/STM32CubeIDE/plugins/com.st.stm32cube.ide.mcu.externaltools.gnu-tools-for-stm32.13.3.rel1.win32_1.0.0.202411081344/tools/bin/../lib/gcc/arm-none-eabi/13.3.1/../../../../arm-none-eabi/lib/thumb/v7e-m+dp/hard\libc_nano.a(libc_a-nano-vfprintf_i.o)
                0x0800f2d8                _printf_i
 .text._scanf_float
                0x0800f514      0x40c C:/ST/STM32CubeIDE_1.19.0/STM32CubeIDE/plugins/com.st.stm32cube.ide.mcu.externaltools.gnu-tools-for-stm32.13.3.rel1.win32_1.0.0.202411081344/tools/bin/../lib/gcc/arm-none-eabi/13.3.1/../../../../arm-none-eabi/lib/thumb/v7e-m+dp/hard\libc_nano.a(libc_a-nano-vfscanf_float.o)
                0x0800f514                _scanf_float
 .text.std      0x0800f920       0x6c C:/ST/STM32CubeIDE_1.19.0/STM32CubeIDE/plugins/com.st.stm32cube.ide.mcu.externaltools.gnu-tools-for-stm32.13.3.rel1.win32_1.0.0.202411081344/tools/bin/../lib/gcc/arm-none-eabi/13.3.1/../../../../arm-none-eabi/lib/thumb/v7e-m+dp/hard\libc_nano.a(libc_a-findfp.o)
 .text.stdio_exit_handler
                0x0800f98c       0x18 C:/ST/STM32CubeIDE_1.19.0/STM32CubeIDE/plugins/com.st.stm32cube.ide.mcu.externaltools.gnu-tools-for-stm32.13.3.rel1.win32_1.0.0.202411081344/tools/bin/../lib/gcc/arm-none-eabi/13.3.1/../../../../arm-none-eabi/lib/thumb/v7e-m+dp/hard\libc_nano.a(libc_a-findfp.o)
 .text.cleanup_stdio
                0x0800f9a4       0x40 C:/ST/STM32CubeIDE_1.19.0/STM32CubeIDE/plugins/com.st.stm32cube.ide.mcu.externaltools.gnu-tools-for-stm32.13.3.rel1.win32_1.0.0.202411081344/tools/bin/../lib/gcc/arm-none-eabi/13.3.1/../../../../arm-none-eabi/lib/thumb/v7e-m+dp/hard\libc_nano.a(libc_a-findfp.o)
 .text.global_stdio_init.part.0
                0x0800f9e4       0x3c C:/ST/STM32CubeIDE_1.19.0/STM32CubeIDE/plugins/com.st.stm32cube.ide.mcu.externaltools.gnu-tools-for-stm32.13.3.rel1.win32_1.0.0.202411081344/tools/bin/../lib/gcc/arm-none-eabi/13.3.1/../../../../arm-none-eabi/lib/thumb/v7e-m+dp/hard\libc_nano.a(libc_a-findfp.o)
 .text.__sfp_lock_acquire
                0x0800fa20        0xc C:/ST/STM32CubeIDE_1.19.0/STM32CubeIDE/plugins/com.st.stm32cube.ide.mcu.externaltools.gnu-tools-for-stm32.13.3.rel1.win32_1.0.0.202411081344/tools/bin/../lib/gcc/arm-none-eabi/13.3.1/../../../../arm-none-eabi/lib/thumb/v7e-m+dp/hard\libc_nano.a(libc_a-findfp.o)
                0x0800fa20                __sfp_lock_acquire
 .text.__sfp_lock_release
                0x0800fa2c        0xc C:/ST/STM32CubeIDE_1.19.0/STM32CubeIDE/plugins/com.st.stm32cube.ide.mcu.externaltools.gnu-tools-for-stm32.13.3.rel1.win32_1.0.0.202411081344/tools/bin/../lib/gcc/arm-none-eabi/13.3.1/../../../../arm-none-eabi/lib/thumb/v7e-m+dp/hard\libc_nano.a(libc_a-findfp.o)
                0x0800fa2c                __sfp_lock_release
 .text.__sinit  0x0800fa38       0x30 C:/ST/STM32CubeIDE_1.19.0/STM32CubeIDE/plugins/com.st.stm32cube.ide.mcu.externaltools.gnu-tools-for-stm32.13.3.rel1.win32_1.0.0.202411081344/tools/bin/../lib/gcc/arm-none-eabi/13.3.1/../../../../arm-none-eabi/lib/thumb/v7e-m+dp/hard\libc_nano.a(libc_a-findfp.o)
                0x0800fa38                __sinit
 .text._fwalk_sglue
                0x0800fa68       0x3c C:/ST/STM32CubeIDE_1.19.0/STM32CubeIDE/plugins/com.st.stm32cube.ide.mcu.externaltools.gnu-tools-for-stm32.13.3.rel1.win32_1.0.0.202411081344/tools/bin/../lib/gcc/arm-none-eabi/13.3.1/../../../../arm-none-eabi/lib/thumb/v7e-m+dp/hard\libc_nano.a(libc_a-fwalk.o)
                0x0800fa68                _fwalk_sglue
 .text.sprintf  0x0800faa4       0x44 C:/ST/STM32CubeIDE_1.19.0/STM32CubeIDE/plugins/com.st.stm32cube.ide.mcu.externaltools.gnu-tools-for-stm32.13.3.rel1.win32_1.0.0.202411081344/tools/bin/../lib/gcc/arm-none-eabi/13.3.1/../../../../arm-none-eabi/lib/thumb/v7e-m+dp/hard\libc_nano.a(libc_a-sprintf.o)
                0x0800faa4                siprintf
                0x0800faa4                sprintf
 .text.__sread  0x0800fae8       0x22 C:/ST/STM32CubeIDE_1.19.0/STM32CubeIDE/plugins/com.st.stm32cube.ide.mcu.externaltools.gnu-tools-for-stm32.13.3.rel1.win32_1.0.0.202411081344/tools/bin/../lib/gcc/arm-none-eabi/13.3.1/../../../../arm-none-eabi/lib/thumb/v7e-m+dp/hard\libc_nano.a(libc_a-stdio.o)
                0x0800fae8                __sread
 .text.__swrite
                0x0800fb0a       0x38 C:/ST/STM32CubeIDE_1.19.0/STM32CubeIDE/plugins/com.st.stm32cube.ide.mcu.externaltools.gnu-tools-for-stm32.13.3.rel1.win32_1.0.0.202411081344/tools/bin/../lib/gcc/arm-none-eabi/13.3.1/../../../../arm-none-eabi/lib/thumb/v7e-m+dp/hard\libc_nano.a(libc_a-stdio.o)
                0x0800fb0a                __swrite
 .text.__sseek  0x0800fb42       0x24 C:/ST/STM32CubeIDE_1.19.0/STM32CubeIDE/plugins/com.st.stm32cube.ide.mcu.externaltools.gnu-tools-for-stm32.13.3.rel1.win32_1.0.0.202411081344/tools/bin/../lib/gcc/arm-none-eabi/13.3.1/../../../../arm-none-eabi/lib/thumb/v7e-m+dp/hard\libc_nano.a(libc_a-stdio.o)
                0x0800fb42                __sseek
 .text.__sclose
                0x0800fb66        0x8 C:/ST/STM32CubeIDE_1.19.0/STM32CubeIDE/plugins/com.st.stm32cube.ide.mcu.externaltools.gnu-tools-for-stm32.13.3.rel1.win32_1.0.0.202411081344/tools/bin/../lib/gcc/arm-none-eabi/13.3.1/../../../../arm-none-eabi/lib/thumb/v7e-m+dp/hard\libc_nano.a(libc_a-stdio.o)
                0x0800fb66                __sclose
 .text.memset   0x0800fb6e       0x10 C:/ST/STM32CubeIDE_1.19.0/STM32CubeIDE/plugins/com.st.stm32cube.ide.mcu.externaltools.gnu-tools-for-stm32.13.3.rel1.win32_1.0.0.202411081344/tools/bin/../lib/gcc/arm-none-eabi/13.3.1/../../../../arm-none-eabi/lib/thumb/v7e-m+dp/hard\libc_nano.a(libc_a-memset.o)
                0x0800fb6e                memset
 *fill*         0x0800fb7e        0x2 
 .text._localeconv_r
                0x0800fb80        0x8 C:/ST/STM32CubeIDE_1.19.0/STM32CubeIDE/plugins/com.st.stm32cube.ide.mcu.externaltools.gnu-tools-for-stm32.13.3.rel1.win32_1.0.0.202411081344/tools/bin/../lib/gcc/arm-none-eabi/13.3.1/../../../../arm-none-eabi/lib/thumb/v7e-m+dp/hard\libc_nano.a(libc_a-localeconv.o)
                0x0800fb80                _localeconv_r
 .text._close_r
                0x0800fb88       0x20 C:/ST/STM32CubeIDE_1.19.0/STM32CubeIDE/plugins/com.st.stm32cube.ide.mcu.externaltools.gnu-tools-for-stm32.13.3.rel1.win32_1.0.0.202411081344/tools/bin/../lib/gcc/arm-none-eabi/13.3.1/../../../../arm-none-eabi/lib/thumb/v7e-m+dp/hard\libc_nano.a(libc_a-closer.o)
                0x0800fb88                _close_r
 .text._reclaim_reent
                0x0800fba8       0xbc C:/ST/STM32CubeIDE_1.19.0/STM32CubeIDE/plugins/com.st.stm32cube.ide.mcu.externaltools.gnu-tools-for-stm32.13.3.rel1.win32_1.0.0.202411081344/tools/bin/../lib/gcc/arm-none-eabi/13.3.1/../../../../arm-none-eabi/lib/thumb/v7e-m+dp/hard\libc_nano.a(libc_a-reent.o)
                0x0800fba8                _reclaim_reent
 .text._lseek_r
                0x0800fc64       0x24 C:/ST/STM32CubeIDE_1.19.0/STM32CubeIDE/plugins/com.st.stm32cube.ide.mcu.externaltools.gnu-tools-for-stm32.13.3.rel1.win32_1.0.0.202411081344/tools/bin/../lib/gcc/arm-none-eabi/13.3.1/../../../../arm-none-eabi/lib/thumb/v7e-m+dp/hard\libc_nano.a(libc_a-lseekr.o)
                0x0800fc64                _lseek_r
 .text._read_r  0x0800fc88       0x24 C:/ST/STM32CubeIDE_1.19.0/STM32CubeIDE/plugins/com.st.stm32cube.ide.mcu.externaltools.gnu-tools-for-stm32.13.3.rel1.win32_1.0.0.202411081344/tools/bin/../lib/gcc/arm-none-eabi/13.3.1/../../../../arm-none-eabi/lib/thumb/v7e-m+dp/hard\libc_nano.a(libc_a-readr.o)
                0x0800fc88                _read_r
 .text._write_r
                0x0800fcac       0x24 C:/ST/STM32CubeIDE_1.19.0/STM32CubeIDE/plugins/com.st.stm32cube.ide.mcu.externaltools.gnu-tools-for-stm32.13.3.rel1.win32_1.0.0.202411081344/tools/bin/../lib/gcc/arm-none-eabi/13.3.1/../../../../arm-none-eabi/lib/thumb/v7e-m+dp/hard\libc_nano.a(libc_a-writer.o)
                0x0800fcac                _write_r
 .text.__errno  0x0800fcd0        0xc C:/ST/STM32CubeIDE_1.19.0/STM32CubeIDE/plugins/com.st.stm32cube.ide.mcu.externaltools.gnu-tools-for-stm32.13.3.rel1.win32_1.0.0.202411081344/tools/bin/../lib/gcc/arm-none-eabi/13.3.1/../../../../arm-none-eabi/lib/thumb/v7e-m+dp/hard\libc_nano.a(libc_a-errno.o)
                0x0800fcd0                __errno
 .text.__libc_init_array
                0x0800fcdc       0x48 C:/ST/STM32CubeIDE_1.19.0/STM32CubeIDE/plugins/com.st.stm32cube.ide.mcu.externaltools.gnu-tools-for-stm32.13.3.rel1.win32_1.0.0.202411081344/tools/bin/../lib/gcc/arm-none-eabi/13.3.1/../../../../arm-none-eabi/lib/thumb/v7e-m+dp/hard\libc_nano.a(libc_a-init.o)
                0x0800fcdc                __libc_init_array
 .text.__retarget_lock_init_recursive
                0x0800fd24        0x2 C:/ST/STM32CubeIDE_1.19.0/STM32CubeIDE/plugins/com.st.stm32cube.ide.mcu.externaltools.gnu-tools-for-stm32.13.3.rel1.win32_1.0.0.202411081344/tools/bin/../lib/gcc/arm-none-eabi/13.3.1/../../../../arm-none-eabi/lib/thumb/v7e-m+dp/hard\libc_nano.a(libc_a-lock.o)
                0x0800fd24                __retarget_lock_init_recursive
 .text.__retarget_lock_acquire_recursive
                0x0800fd26        0x2 C:/ST/STM32CubeIDE_1.19.0/STM32CubeIDE/plugins/com.st.stm32cube.ide.mcu.externaltools.gnu-tools-for-stm32.13.3.rel1.win32_1.0.0.202411081344/tools/bin/../lib/gcc/arm-none-eabi/13.3.1/../../../../arm-none-eabi/lib/thumb/v7e-m+dp/hard\libc_nano.a(libc_a-lock.o)
                0x0800fd26                __retarget_lock_acquire_recursive
 .text.__retarget_lock_release_recursive
                0x0800fd28        0x2 C:/ST/STM32CubeIDE_1.19.0/STM32CubeIDE/plugins/com.st.stm32cube.ide.mcu.externaltools.gnu-tools-for-stm32.13.3.rel1.win32_1.0.0.202411081344/tools/bin/../lib/gcc/arm-none-eabi/13.3.1/../../../../arm-none-eabi/lib/thumb/v7e-m+dp/hard\libc_nano.a(libc_a-lock.o)
                0x0800fd28                __retarget_lock_release_recursive
 .text.memcpy   0x0800fd2a       0x1c C:/ST/STM32CubeIDE_1.19.0/STM32CubeIDE/plugins/com.st.stm32cube.ide.mcu.externaltools.gnu-tools-for-stm32.13.3.rel1.win32_1.0.0.202411081344/tools/bin/../lib/gcc/arm-none-eabi/13.3.1/../../../../arm-none-eabi/lib/thumb/v7e-m+dp/hard\libc_nano.a(libc_a-memcpy-stub.o)
                0x0800fd2a                memcpy
 *fill*         0x0800fd46        0x2 
 .text.nanf     0x0800fd48        0xc C:/ST/STM32CubeIDE_1.19.0/STM32CubeIDE/plugins/com.st.stm32cube.ide.mcu.externaltools.gnu-tools-for-stm32.13.3.rel1.win32_1.0.0.202411081344/tools/bin/../lib/gcc/arm-none-eabi/13.3.1/../../../../arm-none-eabi/lib/thumb/v7e-m+dp/hard\libc_nano.a(libm_a-sf_nan.o)
                0x0800fd48                nanf
 .text.quorem   0x0800fd54      0x110 C:/ST/STM32CubeIDE_1.19.0/STM32CubeIDE/plugins/com.st.stm32cube.ide.mcu.externaltools.gnu-tools-for-stm32.13.3.rel1.win32_1.0.0.202411081344/tools/bin/../lib/gcc/arm-none-eabi/13.3.1/../../../../arm-none-eabi/lib/thumb/v7e-m+dp/hard\libc_nano.a(libc_a-dtoa.o)
 *fill*         0x0800fe64        0x4 
 .text._dtoa_r  0x0800fe68      0xabc C:/ST/STM32CubeIDE_1.19.0/STM32CubeIDE/plugins/com.st.stm32cube.ide.mcu.externaltools.gnu-tools-for-stm32.13.3.rel1.win32_1.0.0.202411081344/tools/bin/../lib/gcc/arm-none-eabi/13.3.1/../../../../arm-none-eabi/lib/thumb/v7e-m+dp/hard\libc_nano.a(libc_a-dtoa.o)
                0x0800fe68                _dtoa_r
 .text._free_r  0x08010924       0x94 C:/ST/STM32CubeIDE_1.19.0/STM32CubeIDE/plugins/com.st.stm32cube.ide.mcu.externaltools.gnu-tools-for-stm32.13.3.rel1.win32_1.0.0.202411081344/tools/bin/../lib/gcc/arm-none-eabi/13.3.1/../../../../arm-none-eabi/lib/thumb/v7e-m+dp/hard\libc_nano.a(libc_a-freer.o)
                0x08010924                _free_r
 .text.malloc   0x080109b8       0x10 C:/ST/STM32CubeIDE_1.19.0/STM32CubeIDE/plugins/com.st.stm32cube.ide.mcu.externaltools.gnu-tools-for-stm32.13.3.rel1.win32_1.0.0.202411081344/tools/bin/../lib/gcc/arm-none-eabi/13.3.1/../../../../arm-none-eabi/lib/thumb/v7e-m+dp/hard\libc_nano.a(libc_a-malloc.o)
                0x080109b8                malloc
 .text.sbrk_aligned
                0x080109c8       0x44 C:/ST/STM32CubeIDE_1.19.0/STM32CubeIDE/plugins/com.st.stm32cube.ide.mcu.externaltools.gnu-tools-for-stm32.13.3.rel1.win32_1.0.0.202411081344/tools/bin/../lib/gcc/arm-none-eabi/13.3.1/../../../../arm-none-eabi/lib/thumb/v7e-m+dp/hard\libc_nano.a(libc_a-mallocr.o)
 .text._malloc_r
                0x08010a0c      0x100 C:/ST/STM32CubeIDE_1.19.0/STM32CubeIDE/plugins/com.st.stm32cube.ide.mcu.externaltools.gnu-tools-for-stm32.13.3.rel1.win32_1.0.0.202411081344/tools/bin/../lib/gcc/arm-none-eabi/13.3.1/../../../../arm-none-eabi/lib/thumb/v7e-m+dp/hard\libc_nano.a(libc_a-mallocr.o)
                0x08010a0c                _malloc_r
 .text.__malloc_lock
                0x08010b0c        0xc C:/ST/STM32CubeIDE_1.19.0/STM32CubeIDE/plugins/com.st.stm32cube.ide.mcu.externaltools.gnu-tools-for-stm32.13.3.rel1.win32_1.0.0.202411081344/tools/bin/../lib/gcc/arm-none-eabi/13.3.1/../../../../arm-none-eabi/lib/thumb/v7e-m+dp/hard\libc_nano.a(libc_a-mlock.o)
                0x08010b0c                __malloc_lock
 .text.__malloc_unlock
                0x08010b18        0xc C:/ST/STM32CubeIDE_1.19.0/STM32CubeIDE/plugins/com.st.stm32cube.ide.mcu.externaltools.gnu-tools-for-stm32.13.3.rel1.win32_1.0.0.202411081344/tools/bin/../lib/gcc/arm-none-eabi/13.3.1/../../../../arm-none-eabi/lib/thumb/v7e-m+dp/hard\libc_nano.a(libc_a-mlock.o)
                0x08010b18                __malloc_unlock
 .text._Balloc  0x08010b24       0x80 C:/ST/STM32CubeIDE_1.19.0/STM32CubeIDE/plugins/com.st.stm32cube.ide.mcu.externaltools.gnu-tools-for-stm32.13.3.rel1.win32_1.0.0.202411081344/tools/bin/../lib/gcc/arm-none-eabi/13.3.1/../../../../arm-none-eabi/lib/thumb/v7e-m+dp/hard\libc_nano.a(libc_a-mprec.o)
                0x08010b24                _Balloc
 .text._Bfree   0x08010ba4       0x44 C:/ST/STM32CubeIDE_1.19.0/STM32CubeIDE/plugins/com.st.stm32cube.ide.mcu.externaltools.gnu-tools-for-stm32.13.3.rel1.win32_1.0.0.202411081344/tools/bin/../lib/gcc/arm-none-eabi/13.3.1/../../../../arm-none-eabi/lib/thumb/v7e-m+dp/hard\libc_nano.a(libc_a-mprec.o)
                0x08010ba4                _Bfree
 .text.__multadd
                0x08010be8       0x8c C:/ST/STM32CubeIDE_1.19.0/STM32CubeIDE/plugins/com.st.stm32cube.ide.mcu.externaltools.gnu-tools-for-stm32.13.3.rel1.win32_1.0.0.202411081344/tools/bin/../lib/gcc/arm-none-eabi/13.3.1/../../../../arm-none-eabi/lib/thumb/v7e-m+dp/hard\libc_nano.a(libc_a-mprec.o)
                0x08010be8                __multadd
 .text.__s2b    0x08010c74       0x94 C:/ST/STM32CubeIDE_1.19.0/STM32CubeIDE/plugins/com.st.stm32cube.ide.mcu.externaltools.gnu-tools-for-stm32.13.3.rel1.win32_1.0.0.202411081344/tools/bin/../lib/gcc/arm-none-eabi/13.3.1/../../../../arm-none-eabi/lib/thumb/v7e-m+dp/hard\libc_nano.a(libc_a-mprec.o)
                0x08010c74                __s2b
 .text.__hi0bits
                0x08010d08       0x3e C:/ST/STM32CubeIDE_1.19.0/STM32CubeIDE/plugins/com.st.stm32cube.ide.mcu.externaltools.gnu-tools-for-stm32.13.3.rel1.win32_1.0.0.202411081344/tools/bin/../lib/gcc/arm-none-eabi/13.3.1/../../../../arm-none-eabi/lib/thumb/v7e-m+dp/hard\libc_nano.a(libc_a-mprec.o)
                0x08010d08                __hi0bits
 .text.__lo0bits
                0x08010d46       0x5a C:/ST/STM32CubeIDE_1.19.0/STM32CubeIDE/plugins/com.st.stm32cube.ide.mcu.externaltools.gnu-tools-for-stm32.13.3.rel1.win32_1.0.0.202411081344/tools/bin/../lib/gcc/arm-none-eabi/13.3.1/../../../../arm-none-eabi/lib/thumb/v7e-m+dp/hard\libc_nano.a(libc_a-mprec.o)
                0x08010d46                __lo0bits
 .text.__i2b    0x08010da0       0x2c C:/ST/STM32CubeIDE_1.19.0/STM32CubeIDE/plugins/com.st.stm32cube.ide.mcu.externaltools.gnu-tools-for-stm32.13.3.rel1.win32_1.0.0.202411081344/tools/bin/../lib/gcc/arm-none-eabi/13.3.1/../../../../arm-none-eabi/lib/thumb/v7e-m+dp/hard\libc_nano.a(libc_a-mprec.o)
                0x08010da0                __i2b
 .text.__multiply
                0x08010dcc      0x144 C:/ST/STM32CubeIDE_1.19.0/STM32CubeIDE/plugins/com.st.stm32cube.ide.mcu.externaltools.gnu-tools-for-stm32.13.3.rel1.win32_1.0.0.202411081344/tools/bin/../lib/gcc/arm-none-eabi/13.3.1/../../../../arm-none-eabi/lib/thumb/v7e-m+dp/hard\libc_nano.a(libc_a-mprec.o)
                0x08010dcc                __multiply
 .text.__pow5mult
                0x08010f10       0xb4 C:/ST/STM32CubeIDE_1.19.0/STM32CubeIDE/plugins/com.st.stm32cube.ide.mcu.externaltools.gnu-tools-for-stm32.13.3.rel1.win32_1.0.0.202411081344/tools/bin/../lib/gcc/arm-none-eabi/13.3.1/../../../../arm-none-eabi/lib/thumb/v7e-m+dp/hard\libc_nano.a(libc_a-mprec.o)
                0x08010f10                __pow5mult
 .text.__lshift
                0x08010fc4       0xd8 C:/ST/STM32CubeIDE_1.19.0/STM32CubeIDE/plugins/com.st.stm32cube.ide.mcu.externaltools.gnu-tools-for-stm32.13.3.rel1.win32_1.0.0.202411081344/tools/bin/../lib/gcc/arm-none-eabi/13.3.1/../../../../arm-none-eabi/lib/thumb/v7e-m+dp/hard\libc_nano.a(libc_a-mprec.o)
                0x08010fc4                __lshift
 .text.__mcmp   0x0801109c       0x36 C:/ST/STM32CubeIDE_1.19.0/STM32CubeIDE/plugins/com.st.stm32cube.ide.mcu.externaltools.gnu-tools-for-stm32.13.3.rel1.win32_1.0.0.202411081344/tools/bin/../lib/gcc/arm-none-eabi/13.3.1/../../../../arm-none-eabi/lib/thumb/v7e-m+dp/hard\libc_nano.a(libc_a-mprec.o)
                0x0801109c                __mcmp
 *fill*         0x080110d2        0x2 
 .text.__mdiff  0x080110d4      0x128 C:/ST/STM32CubeIDE_1.19.0/STM32CubeIDE/plugins/com.st.stm32cube.ide.mcu.externaltools.gnu-tools-for-stm32.13.3.rel1.win32_1.0.0.202411081344/tools/bin/../lib/gcc/arm-none-eabi/13.3.1/../../../../arm-none-eabi/lib/thumb/v7e-m+dp/hard\libc_nano.a(libc_a-mprec.o)
                0x080110d4                __mdiff
 .text.__ulp    0x080111fc       0x4c C:/ST/STM32CubeIDE_1.19.0/STM32CubeIDE/plugins/com.st.stm32cube.ide.mcu.externaltools.gnu-tools-for-stm32.13.3.rel1.win32_1.0.0.202411081344/tools/bin/../lib/gcc/arm-none-eabi/13.3.1/../../../../arm-none-eabi/lib/thumb/v7e-m+dp/hard\libc_nano.a(libc_a-mprec.o)
                0x080111fc                __ulp
 .text.__b2d    0x08011248       0x94 C:/ST/STM32CubeIDE_1.19.0/STM32CubeIDE/plugins/com.st.stm32cube.ide.mcu.externaltools.gnu-tools-for-stm32.13.3.rel1.win32_1.0.0.202411081344/tools/bin/../lib/gcc/arm-none-eabi/13.3.1/../../../../arm-none-eabi/lib/thumb/v7e-m+dp/hard\libc_nano.a(libc_a-mprec.o)
                0x08011248                __b2d
 .text.__d2b    0x080112dc       0xb0 C:/ST/STM32CubeIDE_1.19.0/STM32CubeIDE/plugins/com.st.stm32cube.ide.mcu.externaltools.gnu-tools-for-stm32.13.3.rel1.win32_1.0.0.202411081344/tools/bin/../lib/gcc/arm-none-eabi/13.3.1/../../../../arm-none-eabi/lib/thumb/v7e-m+dp/hard\libc_nano.a(libc_a-mprec.o)
                0x080112dc                __d2b
 .text.__ratio  0x0801138c       0x5e C:/ST/STM32CubeIDE_1.19.0/STM32CubeIDE/plugins/com.st.stm32cube.ide.mcu.externaltools.gnu-tools-for-stm32.13.3.rel1.win32_1.0.0.202411081344/tools/bin/../lib/gcc/arm-none-eabi/13.3.1/../../../../arm-none-eabi/lib/thumb/v7e-m+dp/hard\libc_nano.a(libc_a-mprec.o)
                0x0801138c                __ratio
 .text.__copybits
                0x080113ea       0x46 C:/ST/STM32CubeIDE_1.19.0/STM32CubeIDE/plugins/com.st.stm32cube.ide.mcu.externaltools.gnu-tools-for-stm32.13.3.rel1.win32_1.0.0.202411081344/tools/bin/../lib/gcc/arm-none-eabi/13.3.1/../../../../arm-none-eabi/lib/thumb/v7e-m+dp/hard\libc_nano.a(libc_a-mprec.o)
                0x080113ea                __copybits
 .text.__any_on
                0x08011430       0x42 C:/ST/STM32CubeIDE_1.19.0/STM32CubeIDE/plugins/com.st.stm32cube.ide.mcu.externaltools.gnu-tools-for-stm32.13.3.rel1.win32_1.0.0.202411081344/tools/bin/../lib/gcc/arm-none-eabi/13.3.1/../../../../arm-none-eabi/lib/thumb/v7e-m+dp/hard\libc_nano.a(libc_a-mprec.o)
                0x08011430                __any_on
 .text.sulp     0x08011472       0x34 C:/ST/STM32CubeIDE_1.19.0/STM32CubeIDE/plugins/com.st.stm32cube.ide.mcu.externaltools.gnu-tools-for-stm32.13.3.rel1.win32_1.0.0.202411081344/tools/bin/../lib/gcc/arm-none-eabi/13.3.1/../../../../arm-none-eabi/lib/thumb/v7e-m+dp/hard\libc_nano.a(libc_a-strtod.o)
 *fill*         0x080114a6        0x2 
 .text._strtod_l
                0x080114a8      0xb34 C:/ST/STM32CubeIDE_1.19.0/STM32CubeIDE/plugins/com.st.stm32cube.ide.mcu.externaltools.gnu-tools-for-stm32.13.3.rel1.win32_1.0.0.202411081344/tools/bin/../lib/gcc/arm-none-eabi/13.3.1/../../../../arm-none-eabi/lib/thumb/v7e-m+dp/hard\libc_nano.a(libc_a-strtod.o)
                0x080114a8                _strtod_l
 .text._strtod_r
                0x08011fdc        0xc C:/ST/STM32CubeIDE_1.19.0/STM32CubeIDE/plugins/com.st.stm32cube.ide.mcu.externaltools.gnu-tools-for-stm32.13.3.rel1.win32_1.0.0.202411081344/tools/bin/../lib/gcc/arm-none-eabi/13.3.1/../../../../arm-none-eabi/lib/thumb/v7e-m+dp/hard\libc_nano.a(libc_a-strtod.o)
                0x08011fdc                _strtod_r
 .text._strtol_l.isra.0
                0x08011fe8       0xf4 C:/ST/STM32CubeIDE_1.19.0/STM32CubeIDE/plugins/com.st.stm32cube.ide.mcu.externaltools.gnu-tools-for-stm32.13.3.rel1.win32_1.0.0.202411081344/tools/bin/../lib/gcc/arm-none-eabi/13.3.1/../../../../arm-none-eabi/lib/thumb/v7e-m+dp/hard\libc_nano.a(libc_a-strtol.o)
 .text._strtol_r
                0x080120dc        0x4 C:/ST/STM32CubeIDE_1.19.0/STM32CubeIDE/plugins/com.st.stm32cube.ide.mcu.externaltools.gnu-tools-for-stm32.13.3.rel1.win32_1.0.0.202411081344/tools/bin/../lib/gcc/arm-none-eabi/13.3.1/../../../../arm-none-eabi/lib/thumb/v7e-m+dp/hard\libc_nano.a(libc_a-strtol.o)
                0x080120dc                _strtol_r
 .text.__ssputs_r
                0x080120e0       0xb6 C:/ST/STM32CubeIDE_1.19.0/STM32CubeIDE/plugins/com.st.stm32cube.ide.mcu.externaltools.gnu-tools-for-stm32.13.3.rel1.win32_1.0.0.202411081344/tools/bin/../lib/gcc/arm-none-eabi/13.3.1/../../../../arm-none-eabi/lib/thumb/v7e-m+dp/hard\libc_nano.a(libc_a-nano-svfprintf.o)
                0x080120e0                __ssputs_r
 *fill*         0x08012196        0x2 
 .text._svfprintf_r
                0x08012198      0x1f8 C:/ST/STM32CubeIDE_1.19.0/STM32CubeIDE/plugins/com.st.stm32cube.ide.mcu.externaltools.gnu-tools-for-stm32.13.3.rel1.win32_1.0.0.202411081344/tools/bin/../lib/gcc/arm-none-eabi/13.3.1/../../../../arm-none-eabi/lib/thumb/v7e-m+dp/hard\libc_nano.a(libc_a-nano-svfprintf.o)
                0x08012198                _svfiprintf_r
                0x08012198                _svfprintf_r
 .text.__sflush_r
                0x08012390      0x108 C:/ST/STM32CubeIDE_1.19.0/STM32CubeIDE/plugins/com.st.stm32cube.ide.mcu.externaltools.gnu-tools-for-stm32.13.3.rel1.win32_1.0.0.202411081344/tools/bin/../lib/gcc/arm-none-eabi/13.3.1/../../../../arm-none-eabi/lib/thumb/v7e-m+dp/hard\libc_nano.a(libc_a-fflush.o)
                0x08012390                __sflush_r
 .text._fflush_r
                0x08012498       0x50 C:/ST/STM32CubeIDE_1.19.0/STM32CubeIDE/plugins/com.st.stm32cube.ide.mcu.externaltools.gnu-tools-for-stm32.13.3.rel1.win32_1.0.0.202411081344/tools/bin/../lib/gcc/arm-none-eabi/13.3.1/../../../../arm-none-eabi/lib/thumb/v7e-m+dp/hard\libc_nano.a(libc_a-fflush.o)
                0x08012498                _fflush_r
 .text.memmove  0x080124e8       0x34 C:/ST/STM32CubeIDE_1.19.0/STM32CubeIDE/plugins/com.st.stm32cube.ide.mcu.externaltools.gnu-tools-for-stm32.13.3.rel1.win32_1.0.0.202411081344/tools/bin/../lib/gcc/arm-none-eabi/13.3.1/../../../../arm-none-eabi/lib/thumb/v7e-m+dp/hard\libc_nano.a(libc_a-memmove.o)
                0x080124e8                memmove
 .text.strncmp  0x0801251c       0x24 C:/ST/STM32CubeIDE_1.19.0/STM32CubeIDE/plugins/com.st.stm32cube.ide.mcu.externaltools.gnu-tools-for-stm32.13.3.rel1.win32_1.0.0.202411081344/tools/bin/../lib/gcc/arm-none-eabi/13.3.1/../../../../arm-none-eabi/lib/thumb/v7e-m+dp/hard\libc_nano.a(libc_a-strncmp.o)
                0x0801251c                strncmp
 .text._sbrk_r  0x08012540       0x20 C:/ST/STM32CubeIDE_1.19.0/STM32CubeIDE/plugins/com.st.stm32cube.ide.mcu.externaltools.gnu-tools-for-stm32.13.3.rel1.win32_1.0.0.202411081344/tools/bin/../lib/gcc/arm-none-eabi/13.3.1/../../../../arm-none-eabi/lib/thumb/v7e-m+dp/hard\libc_nano.a(libc_a-sbrkr.o)
                0x08012540                _sbrk_r
 .text.nan      0x08012560       0x10 C:/ST/STM32CubeIDE_1.19.0/STM32CubeIDE/plugins/com.st.stm32cube.ide.mcu.externaltools.gnu-tools-for-stm32.13.3.rel1.win32_1.0.0.202411081344/tools/bin/../lib/gcc/arm-none-eabi/13.3.1/../../../../arm-none-eabi/lib/thumb/v7e-m+dp/hard\libc_nano.a(libm_a-s_nan.o)
                0x08012560                nan
 .text.__assert_func
                0x08012570       0x3c C:/ST/STM32CubeIDE_1.19.0/STM32CubeIDE/plugins/com.st.stm32cube.ide.mcu.externaltools.gnu-tools-for-stm32.13.3.rel1.win32_1.0.0.202411081344/tools/bin/../lib/gcc/arm-none-eabi/13.3.1/../../../../arm-none-eabi/lib/thumb/v7e-m+dp/hard\libc_nano.a(libc_a-assert.o)
                0x08012570                __assert_func
 .text._calloc_r
                0x080125ac       0x28 C:/ST/STM32CubeIDE_1.19.0/STM32CubeIDE/plugins/com.st.stm32cube.ide.mcu.externaltools.gnu-tools-for-stm32.13.3.rel1.win32_1.0.0.202411081344/tools/bin/../lib/gcc/arm-none-eabi/13.3.1/../../../../arm-none-eabi/lib/thumb/v7e-m+dp/hard\libc_nano.a(libc_a-callocr.o)
                0x080125ac                _calloc_r
 .text.rshift   0x080125d4       0xa4 C:/ST/STM32CubeIDE_1.19.0/STM32CubeIDE/plugins/com.st.stm32cube.ide.mcu.externaltools.gnu-tools-for-stm32.13.3.rel1.win32_1.0.0.202411081344/tools/bin/../lib/gcc/arm-none-eabi/13.3.1/../../../../arm-none-eabi/lib/thumb/v7e-m+dp/hard\libc_nano.a(libc_a-gdtoa-gethex.o)
 .text.__hexdig_fun
                0x08012678       0x2a C:/ST/STM32CubeIDE_1.19.0/STM32CubeIDE/plugins/com.st.stm32cube.ide.mcu.externaltools.gnu-tools-for-stm32.13.3.rel1.win32_1.0.0.202411081344/tools/bin/../lib/gcc/arm-none-eabi/13.3.1/../../../../arm-none-eabi/lib/thumb/v7e-m+dp/hard\libc_nano.a(libc_a-gdtoa-gethex.o)
                0x08012678                __hexdig_fun
 *fill*         0x080126a2        0x2 
 .text.__gethex
                0x080126a4      0x420 C:/ST/STM32CubeIDE_1.19.0/STM32CubeIDE/plugins/com.st.stm32cube.ide.mcu.externaltools.gnu-tools-for-stm32.13.3.rel1.win32_1.0.0.202411081344/tools/bin/../lib/gcc/arm-none-eabi/13.3.1/../../../../arm-none-eabi/lib/thumb/v7e-m+dp/hard\libc_nano.a(libc_a-gdtoa-gethex.o)
                0x080126a4                __gethex
 .text.L_shift  0x08012ac4       0x24 C:/ST/STM32CubeIDE_1.19.0/STM32CubeIDE/plugins/com.st.stm32cube.ide.mcu.externaltools.gnu-tools-for-stm32.13.3.rel1.win32_1.0.0.202411081344/tools/bin/../lib/gcc/arm-none-eabi/13.3.1/../../../../arm-none-eabi/lib/thumb/v7e-m+dp/hard\libc_nano.a(libc_a-gdtoa-hexnan.o)
 .text.__match  0x08012ae8       0x28 C:/ST/STM32CubeIDE_1.19.0/STM32CubeIDE/plugins/com.st.stm32cube.ide.mcu.externaltools.gnu-tools-for-stm32.13.3.rel1.win32_1.0.0.202411081344/tools/bin/../lib/gcc/arm-none-eabi/13.3.1/../../../../arm-none-eabi/lib/thumb/v7e-m+dp/hard\libc_nano.a(libc_a-gdtoa-hexnan.o)
                0x08012ae8                __match
 .text.__hexnan
                0x08012b10      0x136 C:/ST/STM32CubeIDE_1.19.0/STM32CubeIDE/plugins/com.st.stm32cube.ide.mcu.externaltools.gnu-tools-for-stm32.13.3.rel1.win32_1.0.0.202411081344/tools/bin/../lib/gcc/arm-none-eabi/13.3.1/../../../../arm-none-eabi/lib/thumb/v7e-m+dp/hard\libc_nano.a(libc_a-gdtoa-hexnan.o)
                0x08012b10                __hexnan
 .text.__ascii_mbtowc
                0x08012c46       0x24 C:/ST/STM32CubeIDE_1.19.0/STM32CubeIDE/plugins/com.st.stm32cube.ide.mcu.externaltools.gnu-tools-for-stm32.13.3.rel1.win32_1.0.0.202411081344/tools/bin/../lib/gcc/arm-none-eabi/13.3.1/../../../../arm-none-eabi/lib/thumb/v7e-m+dp/hard\libc_nano.a(libc_a-mbtowc_r.o)
                0x08012c46                __ascii_mbtowc
 .text._realloc_r
                0x08012c6a       0x5c C:/ST/STM32CubeIDE_1.19.0/STM32CubeIDE/plugins/com.st.stm32cube.ide.mcu.externaltools.gnu-tools-for-stm32.13.3.rel1.win32_1.0.0.202411081344/tools/bin/../lib/gcc/arm-none-eabi/13.3.1/../../../../arm-none-eabi/lib/thumb/v7e-m+dp/hard\libc_nano.a(libc_a-reallocr.o)
                0x08012c6a                _realloc_r
 .text.__ascii_wctomb
                0x08012cc6       0x1a C:/ST/STM32CubeIDE_1.19.0/STM32CubeIDE/plugins/com.st.stm32cube.ide.mcu.externaltools.gnu-tools-for-stm32.13.3.rel1.win32_1.0.0.202411081344/tools/bin/../lib/gcc/arm-none-eabi/13.3.1/../../../../arm-none-eabi/lib/thumb/v7e-m+dp/hard\libc_nano.a(libc_a-wctomb_r.o)
                0x08012cc6                __ascii_wctomb