../Core/Src/Comunicazione_ADC.c:21:7:voltage_current_convert	16	static
../Core/Src/Comunicazione_ADC.c:25:6:MAX1227_Init	8	static
../Core/Src/Comunicazione_ADC.c:36:6:MAX1227_WriteByte	16	static
../Core/Src/Comunicazione_ADC.c:45:8:read_all_voltages	48	static
../Core/Src/Comunicazione_ADC.c:60:7:read_single_channel	32	static
../Core/Src/Comunicazione_ADC.c:92:7:read_shunt_voltage	8	static
../Core/Src/Comunicazione_ADC.c:99:7:read_voltage_1	8	static
../Core/Src/Comunicazione_ADC.c:100:7:read_voltage_2	8	static
../Core/Src/Comunicazione_ADC.c:101:7:read_voltage_3	8	static
../Core/Src/Comunicazione_ADC.c:102:7:read_voltage_4	8	static
