../Core/Src/main.c:84:5:main	64	static
../Core/Src/main.c:181:6:SystemClock_Config	120	static
../Core/Src/main.c:240:13:MX_SPI3_Init	8	static
../Core/Src/main.c:288:13:MX_SPI5_Init	8	static
../Core/Src/main.c:336:13:MX_TIM2_Init	40	static
../Core/Src/main.c:381:13:MX_USART3_UART_Init	8	static
../Core/Src/main.c:429:13:MX_GPIO_Init	48	static
../Core/Src/main.c:480:6:MPU_Config	24	static
../Core/Src/main.c:515:6:HAL_TIM_PeriodElapsedCallback	16	static
../Core/Src/main.c:538:6:Error_Handler	4	static,ignoring_inline_asm
