../Core/Src/main.c:94:5:main	8	static
../Core/Src/main.c:184:6:SystemClock_Config	120	static
../Core/Src/main.c:243:13:MX_SPI3_Init	8	static
../Core/Src/main.c:291:13:MX_SPI5_Init	8	static
../Core/Src/main.c:339:13:MX_USART3_UART_Init	8	static
../Core/Src/main.c:387:13:MX_GPIO_Init	56	static
../Core/Src/main.c:457:6:StartDefaultTask	16	static
../Core/Src/main.c:470:6:MPU_Config	24	static
../Core/Src/main.c:505:6:HAL_TIM_PeriodElapsedCallback	16	static
../Core/Src/main.c:523:6:Error_Handler	4	static,ignoring_inline_asm
