../Core/Src/main.c:81:5:main	112	static
../Core/Src/main.c:174:6:SystemClock_Config	120	static
../Core/Src/main.c:233:13:MX_SPI3_Init	8	static
../Core/Src/main.c:281:13:MX_USART3_UART_Init	8	static
../Core/Src/main.c:329:13:MX_GPIO_Init	48	static
../Core/Src/main.c:379:6:User_UartCompleteCallback	16	static
../Core/Src/main.c:393:6:StartDefaultTask	16	static
../Core/Src/main.c:411:6:StartMisure	56	static
../Core/Src/main.c:434:6:StartComm	16	static
../Core/Src/main.c:447:6:MPU_Config	24	static
../Core/Src/main.c:482:6:HAL_TIM_PeriodElapsedCallback	16	static
../Core/Src/main.c:500:6:Error_Handler	4	static,ignoring_inline_asm
